../Drivers/PCF8574/Src/PCF8574.c:48:6:PCF8574_Clear	8	static
../Drivers/PCF8574/Src/PCF8574.c:54:6:PCF8474_Home	8	static
../Drivers/PCF8574/Src/PCF8574.c:60:6:PCF8574_SetCursor	40	static
../Drivers/PCF8574/Src/PCF8574.c:70:6:PCF8474_NoDisplay	8	static
../Drivers/PCF8574/Src/PCF8574.c:76:6:PCF8474_Display	8	static
../Drivers/PCF8574/Src/PCF8574.c:82:6:PCF8474_NoCursor	8	static
../Drivers/PCF8574/Src/PCF8574.c:88:6:PCF8574_Cursor	8	static
../Drivers/PCF8574/Src/PCF8574.c:94:6:PCF8574_NoBlink	8	static
../Drivers/PCF8574/Src/PCF8574.c:100:6:PCF8574_Blink	8	static
../Drivers/PCF8574/Src/PCF8574.c:106:6:PCF8474_ScrollDisplayLeft	8	static
../Drivers/PCF8574/Src/PCF8574.c:111:6:PCF8574_ScrollDisplayRight	8	static
../Drivers/PCF8574/Src/PCF8574.c:116:6:PCF8474_LeftToRight	8	static
../Drivers/PCF8574/Src/PCF8574.c:122:6:PCF8474_RightToLeft	8	static
../Drivers/PCF8574/Src/PCF8574.c:128:6:PCF8474_AutoScroll	8	static
../Drivers/PCF8574/Src/PCF8574.c:134:6:PCF8474_NoAutoScroll	8	static
../Drivers/PCF8574/Src/PCF8574.c:140:6:PCF8474_CreateSpecialChar	24	static
../Drivers/PCF8574/Src/PCF8574.c:150:6:PCF8474_PrintSpecialChar	16	static
../Drivers/PCF8574/Src/PCF8574.c:155:6:PCF8474_LoadCustomCharacter	16	static
../Drivers/PCF8574/Src/PCF8574.c:160:6:PCF8574_PrintStr	16	static
../Drivers/PCF8574/Src/PCF8574.c:165:6:PCF8474_SetBacklight	16	static
../Drivers/PCF8574/Src/PCF8574.c:171:6:PCF8574_NoBacklight	8	static
../Drivers/PCF8574/Src/PCF8574.c:177:6:PCF8574_Backlight	8	static
../Drivers/PCF8574/Src/PCF8574.c:183:6:PCF8574_Init	16	static
../Drivers/PCF8574/Src/PCF8574.c:240:13:_PCF8574_SendCommand	16	static
../Drivers/PCF8574/Src/PCF8574.c:245:13:_PCF8574_SendChar	16	static
../Drivers/PCF8574/Src/PCF8574.c:250:13:_PCF8574_Send	24	static
../Drivers/PCF8574/Src/PCF8574.c:258:13:_PCF8574_PulseEnable	16	static
../Drivers/PCF8574/Src/PCF8574.c:267:6:_PCF8574_Write4Bits	16	static
