Archive member included to satisfy reference by file (symbol)

c:/st/stm32cubeide_1.9.0/stm32cubeide/plugins/com.st.stm32cube.ide.mcu.externaltools.gnu-tools-for-stm32.10.3-2021.10.win32_1.0.0.202111181127/tools/bin/../lib/gcc/arm-none-eabi/10.3.1/../../../../arm-none-eabi/lib/thumb/v7e-m+fp/hard\libc_nano.a(lib_a-errno.o)
                              ./Core/Src/syscalls.o (__errno)
c:/st/stm32cubeide_1.9.0/stm32cubeide/plugins/com.st.stm32cube.ide.mcu.externaltools.gnu-tools-for-stm32.10.3-2021.10.win32_1.0.0.202111181127/tools/bin/../lib/gcc/arm-none-eabi/10.3.1/../../../../arm-none-eabi/lib/thumb/v7e-m+fp/hard\libc_nano.a(lib_a-exit.o)
                              c:/st/stm32cubeide_1.9.0/stm32cubeide/plugins/com.st.stm32cube.ide.mcu.externaltools.gnu-tools-for-stm32.10.3-2021.10.win32_1.0.0.202111181127/tools/bin/../lib/gcc/arm-none-eabi/10.3.1/../../../../arm-none-eabi/lib/thumb/v7e-m+fp/hard/crt0.o (exit)
c:/st/stm32cubeide_1.9.0/stm32cubeide/plugins/com.st.stm32cube.ide.mcu.externaltools.gnu-tools-for-stm32.10.3-2021.10.win32_1.0.0.202111181127/tools/bin/../lib/gcc/arm-none-eabi/10.3.1/../../../../arm-none-eabi/lib/thumb/v7e-m+fp/hard\libc_nano.a(lib_a-impure.o)
                              c:/st/stm32cubeide_1.9.0/stm32cubeide/plugins/com.st.stm32cube.ide.mcu.externaltools.gnu-tools-for-stm32.10.3-2021.10.win32_1.0.0.202111181127/tools/bin/../lib/gcc/arm-none-eabi/10.3.1/../../../../arm-none-eabi/lib/thumb/v7e-m+fp/hard\libc_nano.a(lib_a-exit.o) (_global_impure_ptr)
c:/st/stm32cubeide_1.9.0/stm32cubeide/plugins/com.st.stm32cube.ide.mcu.externaltools.gnu-tools-for-stm32.10.3-2021.10.win32_1.0.0.202111181127/tools/bin/../lib/gcc/arm-none-eabi/10.3.1/../../../../arm-none-eabi/lib/thumb/v7e-m+fp/hard\libc_nano.a(lib_a-init.o)
                              c:/st/stm32cubeide_1.9.0/stm32cubeide/plugins/com.st.stm32cube.ide.mcu.externaltools.gnu-tools-for-stm32.10.3-2021.10.win32_1.0.0.202111181127/tools/bin/../lib/gcc/arm-none-eabi/10.3.1/../../../../arm-none-eabi/lib/thumb/v7e-m+fp/hard/crt0.o (__libc_init_array)
c:/st/stm32cubeide_1.9.0/stm32cubeide/plugins/com.st.stm32cube.ide.mcu.externaltools.gnu-tools-for-stm32.10.3-2021.10.win32_1.0.0.202111181127/tools/bin/../lib/gcc/arm-none-eabi/10.3.1/../../../../arm-none-eabi/lib/thumb/v7e-m+fp/hard\libc_nano.a(lib_a-itoa.o)
                              ./Core/Src/aplicacion.o (itoa)
c:/st/stm32cubeide_1.9.0/stm32cubeide/plugins/com.st.stm32cube.ide.mcu.externaltools.gnu-tools-for-stm32.10.3-2021.10.win32_1.0.0.202111181127/tools/bin/../lib/gcc/arm-none-eabi/10.3.1/../../../../arm-none-eabi/lib/thumb/v7e-m+fp/hard\libc_nano.a(lib_a-memset.o)
                              c:/st/stm32cubeide_1.9.0/stm32cubeide/plugins/com.st.stm32cube.ide.mcu.externaltools.gnu-tools-for-stm32.10.3-2021.10.win32_1.0.0.202111181127/tools/bin/../lib/gcc/arm-none-eabi/10.3.1/../../../../arm-none-eabi/lib/thumb/v7e-m+fp/hard/crt0.o (memset)
c:/st/stm32cubeide_1.9.0/stm32cubeide/plugins/com.st.stm32cube.ide.mcu.externaltools.gnu-tools-for-stm32.10.3-2021.10.win32_1.0.0.202111181127/tools/bin/../lib/gcc/arm-none-eabi/10.3.1/../../../../arm-none-eabi/lib/thumb/v7e-m+fp/hard\libc_nano.a(lib_a-puts.o)
                              ./Core/Src/main_ProtCom.o (puts)
c:/st/stm32cubeide_1.9.0/stm32cubeide/plugins/com.st.stm32cube.ide.mcu.externaltools.gnu-tools-for-stm32.10.3-2021.10.win32_1.0.0.202111181127/tools/bin/../lib/gcc/arm-none-eabi/10.3.1/../../../../arm-none-eabi/lib/thumb/v7e-m+fp/hard\libc_nano.a(lib_a-utoa.o)
                              c:/st/stm32cubeide_1.9.0/stm32cubeide/plugins/com.st.stm32cube.ide.mcu.externaltools.gnu-tools-for-stm32.10.3-2021.10.win32_1.0.0.202111181127/tools/bin/../lib/gcc/arm-none-eabi/10.3.1/../../../../arm-none-eabi/lib/thumb/v7e-m+fp/hard\libc_nano.a(lib_a-itoa.o) (__utoa)
c:/st/stm32cubeide_1.9.0/stm32cubeide/plugins/com.st.stm32cube.ide.mcu.externaltools.gnu-tools-for-stm32.10.3-2021.10.win32_1.0.0.202111181127/tools/bin/../lib/gcc/arm-none-eabi/10.3.1/../../../../arm-none-eabi/lib/thumb/v7e-m+fp/hard\libc_nano.a(lib_a-wbuf.o)
                              c:/st/stm32cubeide_1.9.0/stm32cubeide/plugins/com.st.stm32cube.ide.mcu.externaltools.gnu-tools-for-stm32.10.3-2021.10.win32_1.0.0.202111181127/tools/bin/../lib/gcc/arm-none-eabi/10.3.1/../../../../arm-none-eabi/lib/thumb/v7e-m+fp/hard\libc_nano.a(lib_a-puts.o) (__swbuf_r)
c:/st/stm32cubeide_1.9.0/stm32cubeide/plugins/com.st.stm32cube.ide.mcu.externaltools.gnu-tools-for-stm32.10.3-2021.10.win32_1.0.0.202111181127/tools/bin/../lib/gcc/arm-none-eabi/10.3.1/../../../../arm-none-eabi/lib/thumb/v7e-m+fp/hard\libc_nano.a(lib_a-wsetup.o)
                              c:/st/stm32cubeide_1.9.0/stm32cubeide/plugins/com.st.stm32cube.ide.mcu.externaltools.gnu-tools-for-stm32.10.3-2021.10.win32_1.0.0.202111181127/tools/bin/../lib/gcc/arm-none-eabi/10.3.1/../../../../arm-none-eabi/lib/thumb/v7e-m+fp/hard\libc_nano.a(lib_a-puts.o) (__swsetup_r)
[...]
Memory Configuration

Name             Origin             Length             Attributes
CCMRAM           0x0000000010000000 0x0000000000010000 xrw
RAM              0x0000000020000000 0x0000000000030000 xrw
FLASH            0x0000000008000000 0x0000000000200000 xr
*default*        0x0000000000000000 0xffffffffffffffff

Linker script and memory map

LOAD c:/st/stm32cubeide_1.9.0/stm32cubeide/plugins/com.st.stm32cube.ide.mcu.externaltools.gnu-tools-for-stm32.10.3-2021.10.win32_1.0.0.202111181127/tools/bin/../lib/gcc/arm-none-eabi/10.3.1/thumb/v7e-m+fp/hard/crti.o
LOAD c:/st/stm32cubeide_1.9.0/stm32cubeide/plugins/com.st.stm32cube.ide.mcu.externaltools.gnu-tools-for-stm32.10.3-2021.10.win32_1.0.0.202111181127/tools/bin/../lib/gcc/arm-none-eabi/10.3.1/thumb/v7e-m+fp/hard/crtbegin.o
LOAD c:/st/stm32cubeide_1.9.0/stm32cubeide/plugins/com.st.stm32cube.ide.mcu.externaltools.gnu-tools-for-stm32.10.3-2021.10.win32_1.0.0.202111181127/tools/bin/../lib/gcc/arm-none-eabi/10.3.1/../../../../arm-none-eabi/lib/thumb/v7e-m+fp/hard/crt0.o
LOAD ./Core/Src/aplicacion.o
LOAD ./Core/Src/main_ProtCom.o
LOAD ./Core/Src/stm32f4xx_hal_msp.o
LOAD ./Core/Src/stm32f4xx_it.o
LOAD ./Core/Src/syscalls.o
LOAD ./Core/Src/sysmem.o
LOAD ./Core/Src/system_stm32f4xx.o
LOAD ./Core/Startup/startup_stm32f429zitx.o
LOAD ./Drivers/PCF8574/Src/PCF8574.o
LOAD ./Drivers/PCF8574/Src/PCF8574_Nucleo144_port.o
LOAD ./Drivers/STM32F4xx_HAL_Driver/Src/stm32f4xx_hal.o
LOAD ./Drivers/STM32F4xx_HAL_Driver/Src/stm32f4xx_hal_cortex.o
LOAD ./Drivers/STM32F4xx_HAL_Driver/Src/stm32f4xx_hal_dma.o
LOAD ./Drivers/STM32F4xx_HAL_Driver/Src/stm32f4xx_hal_dma_ex.o
LOAD ./Drivers/STM32F4xx_HAL_Driver/Src/stm32f4xx_hal_exti.o
LOAD ./Drivers/STM32F4xx_HAL_Driver/Src/stm32f4xx_hal_flash.o
LOAD ./Drivers/STM32F4xx_HAL_Driver/Src/stm32f4xx_hal_flash_ex.o
LOAD ./Drivers/STM32F4xx_HAL_Driver/Src/stm32f4xx_hal_flash_ramfunc.o
LOAD ./Drivers/STM32F4xx_HAL_Driver/Src/stm32f4xx_hal_gpio.o
LOAD ./Drivers/STM32F4xx_HAL_Driver/Src/stm32f4xx_hal_i2c.o
LOAD ./Drivers/STM32F4xx_HAL_Driver/Src/stm32f4xx_hal_i2c_ex.o
LOAD ./Drivers/STM32F4xx_HAL_Driver/Src/stm32f4xx_hal_pwr.o
LOAD ./Drivers/STM32F4xx_HAL_Driver/Src/stm32f4xx_hal_pwr_ex.o
LOAD ./Drivers/STM32F4xx_HAL_Driver/Src/stm32f4xx_hal_rcc.o
LOAD ./Drivers/STM32F4xx_HAL_Driver/Src/stm32f4xx_hal_rcc_ex.o
LOAD ./Drivers/STM32F4xx_HAL_Driver/Src/stm32f4xx_hal_tim.o
LOAD ./Drivers/STM32F4xx_HAL_Driver/Src/stm32f4xx_hal_tim_ex.o
LOAD ./Drivers/STM32F4xx_HAL_Driver/Src/stm32f4xx_hal_uart.o
START GROUP
LOAD c:/st/stm32cubeide_1.9.0/stm32cubeide/plugins/com.st.stm32cube.ide.mcu.externaltools.gnu-tools-for-stm32.10.3-2021.10.win32_1.0.0.202111181127/tools/bin/../lib/gcc/arm-none-eabi/10.3.1/../../../../arm-none-eabi/lib/thumb/v7e-m+fp/hard\libc_nano.a
LOAD c:/st/stm32cubeide_1.9.0/stm32cubeide/plugins/com.st.stm32cube.ide.mcu.externaltools.gnu-tools-for-stm32.10.3-2021.10.win32_1.0.0.202111181127/tools/bin/../lib/gcc/arm-none-eabi/10.3.1/../../../../arm-none-eabi/lib/thumb/v7e-m+fp/hard\libm.a
END GROUP
START GROUP
LOAD c:/st/stm32cubeide_1.9.0/stm32cubeide/plugins/com.st.stm32cube.ide.mcu.externaltools.gnu-tools-for-stm32.10.3-2021.10.win32_1.0.0.202111181127/tools/bin/../lib/gcc/arm-none-eabi/10.3.1/thumb/v7e-m+fp/hard\libgcc.a
LOAD c:/st/stm32cubeide_1.9.0/stm32cubeide/plugins/com.st.stm32cube.ide.mcu.externaltools.gnu-tools-for-stm32.10.3-2021.10.win32_1.0.0.202111181127/tools/bin/../lib/gcc/arm-none-eabi/10.3.1/../../../../arm-none-eabi/lib/thumb/v7e-m+fp/hard\libc_nano.a
END GROUP
START GROUP
LOAD c:/st/stm32cubeide_1.9.0/stm32cubeide/plugins/com.st.stm32cube.ide.mcu.externaltools.gnu-tools-for-stm32.10.3-2021.10.win32_1.0.0.202111181127/tools/bin/../lib/gcc/arm-none-eabi/10.3.1/thumb/v7e-m+fp/hard\libgcc.a
LOAD c:/st/stm32cubeide_1.9.0/stm32cubeide/plugins/com.st.stm32cube.ide.mcu.externaltools.gnu-tools-for-stm32.10.3-2021.10.win32_1.0.0.202111181127/tools/bin/../lib/gcc/arm-none-eabi/10.3.1/../../../../arm-none-eabi/lib/thumb/v7e-m+fp/hard\libc_nano.a
LOAD c:/st/stm32cubeide_1.9.0/stm32cubeide/plugins/com.st.stm32cube.ide.mcu.externaltools.gnu-tools-for-stm32.10.3-2021.10.win32_1.0.0.202111181127/tools/bin/../lib/gcc/arm-none-eabi/10.3.1/../../../../arm-none-eabi/lib/thumb/v7e-m+fp/hard\libnosys.a
END GROUP
START GROUP
LOAD c:/st/stm32cubeide_1.9.0/stm32cubeide/plugins/com.st.stm32cube.ide.mcu.externaltools.gnu-tools-for-stm32.10.3-2021.10.win32_1.0.0.202111181127/tools/bin/../lib/gcc/arm-none-eabi/10.3.1/thumb/v7e-m+fp/hard\libgcc.a
LOAD c:/st/stm32cubeide_1.9.0/stm32cubeide/plugins/com.st.stm32cube.ide.mcu.externaltools.gnu-tools-for-stm32.10.3-2021.10.win32_1.0.0.202111181127/tools/bin/../lib/gcc/arm-none-eabi/10.3.1/../../../../arm-none-eabi/lib/thumb/v7e-m+fp/hard\libc_nano.a
LOAD c:/st/stm32cubeide_1.9.0/stm32cubeide/plugins/com.st.stm32cube.ide.mcu.externaltools.gnu-tools-for-stm32.10.3-2021.10.win32_1.0.0.202111181127/tools/bin/../lib/gcc/arm-none-eabi/10.3.1/../../../../arm-none-eabi/lib/thumb/v7e-m+fp/hard\libnosys.a
END GROUP
LOAD c:/st/stm32cubeide_1.9.0/stm32cubeide/plugins/com.st.stm32cube.ide.mcu.externaltools.gnu-tools-for-stm32.10.3-2021.10.win32_1.0.0.202111181127/tools/bin/../lib/gcc/arm-none-eabi/10.3.1/thumb/v7e-m+fp/hard/crtend.o
LOAD c:/st/stm32cubeide_1.9.0/stm32cubeide/plugins/com.st.stm32cube.ide.mcu.externaltools.gnu-tools-for-stm32.10.3-2021.10.win32_1.0.0.202111181127/tools/bin/../lib/gcc/arm-none-eabi/10.3.1/thumb/v7e-m+fp/hard/crtn.o
                0x0000000020030000                _estack = (ORIGIN (RAM) + LENGTH (RAM))
                0x0000000000000200                _Min_Heap_Size = 0x200
                0x0000000000000400                _Min_Stack_Size = 0x400

.isr_vector     0x0000000008000000      0x1ac
                0x0000000008000000                . = ALIGN (0x4)
 *(.isr_vector)
 .isr_vector    0x0000000008000000      0x1ac ./Core/Startup/startup_stm32f429zitx.o
                0x0000000008000000                g_pfnVectors
                0x00000000080001ac                . = ALIGN (0x4)

.text           0x00000000080001ac     0x3f0c
                0x00000000080001ac                . = ALIGN (0x4)
 *(.text)
 .text          0x00000000080001ac       0x40 c:/st/stm32cubeide_1.9.0/stm32cubeide/plugins/com.st.stm32cube.ide.mcu.externaltools.gnu-tools-for-stm32.10.3-2021.10.win32_1.0.0.202111181127/tools/bin/../lib/gcc/arm-none-eabi/10.3.1/thumb/v7e-m+fp/hard/crtbegin.o
 .text          0x00000000080001ec       0x30 c:/st/stm32cubeide_1.9.0/stm32cubeide/plugins/com.st.stm32cube.ide.mcu.externaltools.gnu-tools-for-stm32.10.3-2021.10.win32_1.0.0.202111181127/tools/bin/../lib/gcc/arm-none-eabi/10.3.1/thumb/v7e-m+fp/hard\libgcc.a(_aeabi_uldivmod.o)
                0x00000000080001ec                __aeabi_uldivmod
 .text          0x000000000800021c      0x2d0 c:/st/stm32cubeide_1.9.0/stm32cubeide/plugins/com.st.stm32cube.ide.mcu.externaltools.gnu-tools-for-stm32.10.3-2021.10.win32_1.0.0.202111181127/tools/bin/../lib/gcc/arm-none-eabi/10.3.1/thumb/v7e-m+fp/hard\libgcc.a(_udivmoddi4.o)
                0x000000000800021c                __udivmoddi4
 .text          0x00000000080004ec        0x4 c:/st/stm32cubeide_1.9.0/stm32cubeide/plugins/com.st.stm32cube.ide.mcu.externaltools.gnu-tools-for-stm32.10.3-2021.10.win32_1.0.0.202111181127/tools/bin/../lib/gcc/arm-none-eabi/10.3.1/thumb/v7e-m+fp/hard\libgcc.a(_dvmd_tls.o)
                0x00000000080004ec                __aeabi_idiv0
                0x00000000080004ec                __aeabi_ldiv0
 *(.text*)
 .text._myPCF8574_PrintNumber
                0x00000000080004f0       0x2e ./Core/Src/aplicacion.o
 .text.myPCF8574_Iniciar
                0x000000000800051e        0xe ./Core/Src/aplicacion.o
                0x000000000800051e                myPCF8574_Iniciar
 .text.myPCF8574_SaludoInicial
                0x000000000800052c       0x98 ./Core/Src/aplicacion.o
                0x000000000800052c                myPCF8574_SaludoInicial
 .text.myPCF8574_Cursor
                0x00000000080005c4       0x8c ./Core/Src/aplicacion.o
                0x00000000080005c4                myPCF8574_Cursor
 .text.myPCF8574_CorrimientoIzquierda
                0x0000000008000650       0x50 ./Core/Src/aplicacion.o
                0x0000000008000650                myPCF8574_CorrimientoIzquierda
 .text.myPCF8574_CorrimientoDerecha
                0x00000000080006a0       0x50 ./Core/Src/aplicacion.o
                0x00000000080006a0                myPCF8574_CorrimientoDerecha
 .text.myPCF8574_ImprimeNumero
                0x00000000080006f0      0x100 ./Core/Src/aplicacion.o
                0x00000000080006f0                myPCF8574_ImprimeNumero
 .text.main     0x00000000080007f0       0x5c ./Core/Src/main_ProtCom.o
                0x00000000080007f0                main
 .text.SystemClock_Config
                0x000000000800084c       0xd4 ./Core/Src/main_ProtCom.o
                0x000000000800084c                SystemClock_Config
 .text.MX_I2C1_Init
                0x0000000008000920       0x80 ./Core/Src/main_ProtCom.o
 .text.MX_USART3_UART_Init
                0x00000000080009a0       0x54 ./Core/Src/main_ProtCom.o
 .text.MX_GPIO_Init
                0x00000000080009f4      0x220 ./Core/Src/main_ProtCom.o
 .text.Error_Handler
                0x0000000008000c14        0xa ./Core/Src/main_ProtCom.o
                0x0000000008000c14                Error_Handler
 *fill*         0x0000000008000c1e        0x2 
 .text.__io_putchar
                0x0000000008000c20       0x24 ./Core/Src/main_ProtCom.o
                0x0000000008000c20                __io_putchar
 .text.HAL_MspInit
                0x0000000008000c44       0x50 ./Core/Src/stm32f4xx_hal_msp.o
                0x0000000008000c44                HAL_MspInit
 .text.HAL_I2C_MspInit
                0x0000000008000c94       0x90 ./Core/Src/stm32f4xx_hal_msp.o
                0x0000000008000c94                HAL_I2C_MspInit
 .text.HAL_UART_MspInit
                0x0000000008000d24       0x90 ./Core/Src/stm32f4xx_hal_msp.o
                0x0000000008000d24                HAL_UART_MspInit
 .text.NMI_Handler
                0x0000000008000db4        0x6 ./Core/Src/stm32f4xx_it.o
                0x0000000008000db4                NMI_Handler
 .text.HardFault_Handler
                0x0000000008000dba        0x6 ./Core/Src/stm32f4xx_it.o
                0x0000000008000dba                HardFault_Handler
 .text.MemManage_Handler
                0x0000000008000dc0        0x6 ./Core/Src/stm32f4xx_it.o
                0x0000000008000dc0                MemManage_Handler
 .text.BusFault_Handler
                0x0000000008000dc6        0x6 ./Core/Src/stm32f4xx_it.o
                0x0000000008000dc6                BusFault_Handler
 .text.UsageFault_Handler
                0x0000000008000dcc        0x6 ./Core/Src/stm32f4xx_it.o
                0x0000000008000dcc                UsageFault_Handler
 .text.SVC_Handler
                0x0000000008000dd2        0xe ./Core/Src/stm32f4xx_it.o
                0x0000000008000dd2                SVC_Handler
 .text.DebugMon_Handler
                0x0000000008000de0        0xe ./Core/Src/stm32f4xx_it.o
                0x0000000008000de0                DebugMon_Handler
 .text.PendSV_Handler
                0x0000000008000dee        0xe ./Core/Src/stm32f4xx_it.o
                0x0000000008000dee                PendSV_Handler
 .text.SysTick_Handler
                0x0000000008000dfc        0xc ./Core/Src/stm32f4xx_it.o
                0x0000000008000dfc                SysTick_Handler
 .text._read    0x0000000008000e08       0x3a ./Core/Src/syscalls.o
                0x0000000008000e08                _read
 .text._write   0x0000000008000e42       0x38 ./Core/Src/syscalls.o
                0x0000000008000e42                _write
 .text._close   0x0000000008000e7a       0x18 ./Core/Src/syscalls.o
                0x0000000008000e7a                _close
 .text._fstat   0x0000000008000e92       0x20 ./Core/Src/syscalls.o
                0x0000000008000e92                _fstat
 .text._isatty  0x0000000008000eb2       0x16 ./Core/Src/syscalls.o
                0x0000000008000eb2                _isatty
 .text._lseek   0x0000000008000ec8       0x1a ./Core/Src/syscalls.o
                0x0000000008000ec8                _lseek
 *fill*         0x0000000008000ee2        0x2 
 .text._sbrk    0x0000000008000ee4       0x6c ./Core/Src/sysmem.o
                0x0000000008000ee4                _sbrk
 .text.SystemInit
                0x0000000008000f50       0x24 ./Core/Src/system_stm32f4xx.o
                0x0000000008000f50                SystemInit
 .text.Reset_Handler
                0x0000000008000f74       0x50 ./Core/Startup/startup_stm32f429zitx.o
                0x0000000008000f74                Reset_Handler
 .text.Default_Handler
                0x0000000008000fc4        0x2 ./Core/Startup/startup_stm32f429zitx.o
                0x0000000008000fc4                RTC_Alarm_IRQHandler
                0x0000000008000fc4                HASH_RNG_IRQHandler
                0x0000000008000fc4                EXTI2_IRQHandler
                0x0000000008000fc4                TIM8_CC_IRQHandler
                0x0000000008000fc4                UART8_IRQHandler
                0x0000000008000fc4                SPI4_IRQHandler
                0x0000000008000fc4                TIM1_CC_IRQHandler
                0x0000000008000fc4                DMA2_Stream5_IRQHandler
                0x0000000008000fc4                DMA1_Stream5_IRQHandler
                0x0000000008000fc4                PVD_IRQHandler
                0x0000000008000fc4                SDIO_IRQHandler
                0x0000000008000fc4                TAMP_STAMP_IRQHandler
                0x0000000008000fc4                CAN2_RX1_IRQHandler
                0x0000000008000fc4                EXTI3_IRQHandler
                0x0000000008000fc4                TIM8_TRG_COM_TIM14_IRQHandler
                0x0000000008000fc4                TIM1_UP_TIM10_IRQHandler
                0x0000000008000fc4                TIM8_UP_TIM13_IRQHandler
                0x0000000008000fc4                I2C3_ER_IRQHandler
                0x0000000008000fc4                EXTI0_IRQHandler
                0x0000000008000fc4                I2C2_EV_IRQHandler
                0x0000000008000fc4                DMA1_Stream2_IRQHandler
                0x0000000008000fc4                CAN1_RX0_IRQHandler
                0x0000000008000fc4                FPU_IRQHandler
                0x0000000008000fc4                OTG_HS_WKUP_IRQHandler
                0x0000000008000fc4                LTDC_ER_IRQHandler
                0x0000000008000fc4                CAN2_SCE_IRQHandler
                0x0000000008000fc4                DMA2_Stream2_IRQHandler
                0x0000000008000fc4                SPI1_IRQHandler
                0x0000000008000fc4                TIM6_DAC_IRQHandler
                0x0000000008000fc4                TIM1_BRK_TIM9_IRQHandler
                0x0000000008000fc4                DCMI_IRQHandler
                0x0000000008000fc4                CAN2_RX0_IRQHandler
                0x0000000008000fc4                DMA2_Stream3_IRQHandler
                0x0000000008000fc4                USART6_IRQHandler
                0x0000000008000fc4                USART3_IRQHandler
                0x0000000008000fc4                CAN1_RX1_IRQHandler
                0x0000000008000fc4                UART5_IRQHandler
                0x0000000008000fc4                DMA2_Stream0_IRQHandler
                0x0000000008000fc4                TIM4_IRQHandler
                0x0000000008000fc4                I2C1_EV_IRQHandler
                0x0000000008000fc4                DMA1_Stream6_IRQHandler
                0x0000000008000fc4                DMA1_Stream1_IRQHandler
                0x0000000008000fc4                UART4_IRQHandler
                0x0000000008000fc4                TIM3_IRQHandler
                0x0000000008000fc4                RCC_IRQHandler
                0x0000000008000fc4                TIM8_BRK_TIM12_IRQHandler
                0x0000000008000fc4                Default_Handler
                0x0000000008000fc4                EXTI15_10_IRQHandler
                0x0000000008000fc4                ADC_IRQHandler
                0x0000000008000fc4                DMA1_Stream7_IRQHandler
                0x0000000008000fc4                SPI5_IRQHandler
                0x0000000008000fc4                TIM7_IRQHandler
                0x0000000008000fc4                CAN2_TX_IRQHandler
                0x0000000008000fc4                TIM5_IRQHandler
                0x0000000008000fc4                DMA2_Stream7_IRQHandler
                0x0000000008000fc4                I2C3_EV_IRQHandler
                0x0000000008000fc4                EXTI9_5_IRQHandler
                0x0000000008000fc4                RTC_WKUP_IRQHandler
                0x0000000008000fc4                LTDC_IRQHandler
                0x0000000008000fc4                ETH_WKUP_IRQHandler
                0x0000000008000fc4                SPI2_IRQHandler
                0x0000000008000fc4                OTG_HS_EP1_IN_IRQHandler
                0x0000000008000fc4                DMA1_Stream0_IRQHandler
                0x0000000008000fc4                CAN1_TX_IRQHandler
                0x0000000008000fc4                EXTI4_IRQHandler
                0x0000000008000fc4                ETH_IRQHandler
                0x0000000008000fc4                OTG_HS_EP1_OUT_IRQHandler
                0x0000000008000fc4                WWDG_IRQHandler
                0x0000000008000fc4                SPI6_IRQHandler
                0x0000000008000fc4                TIM2_IRQHandler
                0x0000000008000fc4                OTG_FS_WKUP_IRQHandler
                0x0000000008000fc4                TIM1_TRG_COM_TIM11_IRQHandler
                0x0000000008000fc4                OTG_HS_IRQHandler
                0x0000000008000fc4                DMA2D_IRQHandler
                0x0000000008000fc4                EXTI1_IRQHandler
                0x0000000008000fc4                UART7_IRQHandler
                0x0000000008000fc4                USART2_IRQHandler
                0x0000000008000fc4                I2C2_ER_IRQHandler
                0x0000000008000fc4                DMA2_Stream1_IRQHandler
                0x0000000008000fc4                CAN1_SCE_IRQHandler
                0x0000000008000fc4                FLASH_IRQHandler
                0x0000000008000fc4                DMA2_Stream4_IRQHandler
                0x0000000008000fc4                USART1_IRQHandler
                0x0000000008000fc4                OTG_FS_IRQHandler
                0x0000000008000fc4                SPI3_IRQHandler
                0x0000000008000fc4                DMA1_Stream4_IRQHandler
                0x0000000008000fc4                I2C1_ER_IRQHandler
                0x0000000008000fc4                FMC_IRQHandler
                0x0000000008000fc4                DMA2_Stream6_IRQHandler
                0x0000000008000fc4                SAI1_IRQHandler
                0x0000000008000fc4                DMA1_Stream3_IRQHandler
 .text.PCF8574_Clear
                0x0000000008000fc6       0x16 ./Drivers/PCF8574/Src/PCF8574.o
                0x0000000008000fc6                PCF8574_Clear
 .text.PCF8474_Home
                0x0000000008000fdc       0x16 ./Drivers/PCF8574/Src/PCF8574.o
                0x0000000008000fdc                PCF8474_Home
 *fill*         0x0000000008000ff2        0x2 
 .text.PCF8574_SetCursor
                0x0000000008000ff4       0x64 ./Drivers/PCF8574/Src/PCF8574.o
                0x0000000008000ff4                PCF8574_SetCursor
 .text.PCF8474_Display
                0x0000000008001058       0x2c ./Drivers/PCF8574/Src/PCF8574.o
                0x0000000008001058                PCF8474_Display
 .text.PCF8474_NoCursor
                0x0000000008001084       0x2c ./Drivers/PCF8574/Src/PCF8574.o
                0x0000000008001084                PCF8474_NoCursor
 .text.PCF8574_Cursor
                0x00000000080010b0       0x2c ./Drivers/PCF8574/Src/PCF8574.o
                0x00000000080010b0                PCF8574_Cursor
 .text.PCF8574_NoBlink
                0x00000000080010dc       0x2c ./Drivers/PCF8574/Src/PCF8574.o
                0x00000000080010dc                PCF8574_NoBlink
 .text.PCF8574_Blink
                0x0000000008001108       0x2c ./Drivers/PCF8574/Src/PCF8574.o
                0x0000000008001108                PCF8574_Blink
 .text.PCF8474_ScrollDisplayLeft
                0x0000000008001134        0xe ./Drivers/PCF8574/Src/PCF8574.o
                0x0000000008001134                PCF8474_ScrollDisplayLeft
 .text.PCF8574_ScrollDisplayRight
                0x0000000008001142        0xe ./Drivers/PCF8574/Src/PCF8574.o
                0x0000000008001142                PCF8574_ScrollDisplayRight
 .text.PCF8474_CreateSpecialChar
                0x0000000008001150       0x52 ./Drivers/PCF8574/Src/PCF8574.o
                0x0000000008001150                PCF8474_CreateSpecialChar
 .text.PCF8574_PrintStr
                0x00000000080011a2       0x2a ./Drivers/PCF8574/Src/PCF8574.o
                0x00000000080011a2                PCF8574_PrintStr
 .text.PCF8574_Init
                0x00000000080011cc      0x110 ./Drivers/PCF8574/Src/PCF8574.o
                0x00000000080011cc                PCF8574_Init
 .text._PCF8574_SendCommand
                0x00000000080012dc       0x1c ./Drivers/PCF8574/Src/PCF8574.o
 .text._PCF8574_SendChar
                0x00000000080012f8       0x1c ./Drivers/PCF8574/Src/PCF8574.o
 .text._PCF8574_Send
                0x0000000008001314       0x42 ./Drivers/PCF8574/Src/PCF8574.o
 *fill*         0x0000000008001356        0x2 
 .text._PCF8574_PulseEnable
                0x0000000008001358       0x4c ./Drivers/PCF8574/Src/PCF8574.o
 .text._PCF8574_Write4Bits
                0x00000000080013a4       0x2c ./Drivers/PCF8574/Src/PCF8574.o
 .text.PCF8574_Delay_Init
                0x00000000080013d0       0x54 ./Drivers/PCF8574/Src/PCF8574_Nucleo144_port.o
                0x00000000080013d0                PCF8574_Delay_Init
 .text.PCF8574_Delay_us
                0x0000000008001424       0x50 ./Drivers/PCF8574/Src/PCF8574_Nucleo144_port.o
                0x0000000008001424                PCF8574_Delay_us
 .text.PCF8574_Delay_ms
                0x0000000008001474       0x16 ./Drivers/PCF8574/Src/PCF8574_Nucleo144_port.o
                0x0000000008001474                PCF8574_Delay_ms
 *fill*         0x000000000800148a        0x2 
 .text.PCF8574_ExpanderWrite
                0x000000000800148c       0x38 ./Drivers/PCF8574/Src/PCF8574_Nucleo144_port.o
                0x000000000800148c                PCF8574_ExpanderWrite
 .text.HAL_Init
                0x00000000080014c4       0x44 ./Drivers/STM32F4xx_HAL_Driver/Src/stm32f4xx_hal.o
                0x00000000080014c4                HAL_Init
 .text.HAL_InitTick
                0x0000000008001508       0x60 ./Drivers/STM32F4xx_HAL_Driver/Src/stm32f4xx_hal.o
                0x0000000008001508                HAL_InitTick
 .text.HAL_IncTick
                0x0000000008001568       0x28 ./Drivers/STM32F4xx_HAL_Driver/Src/stm32f4xx_hal.o
                0x0000000008001568                HAL_IncTick
 .text.HAL_GetTick
                0x0000000008001590       0x18 ./Drivers/STM32F4xx_HAL_Driver/Src/stm32f4xx_hal.o
                0x0000000008001590                HAL_GetTick
 .text.HAL_Delay
                0x00000000080015a8       0x48 ./Drivers/STM32F4xx_HAL_Driver/Src/stm32f4xx_hal.o
                0x00000000080015a8                HAL_Delay
 .text.__NVIC_SetPriorityGrouping
                0x00000000080015f0       0x48 ./Drivers/STM32F4xx_HAL_Driver/Src/stm32f4xx_hal_cortex.o
 .text.__NVIC_GetPriorityGrouping
                0x0000000008001638       0x1c ./Drivers/STM32F4xx_HAL_Driver/Src/stm32f4xx_hal_cortex.o
 .text.__NVIC_SetPriority
                0x0000000008001654       0x54 ./Drivers/STM32F4xx_HAL_Driver/Src/stm32f4xx_hal_cortex.o
 .text.NVIC_EncodePriority
                0x00000000080016a8       0x66 ./Drivers/STM32F4xx_HAL_Driver/Src/stm32f4xx_hal_cortex.o
 *fill*         0x000000000800170e        0x2 
 .text.SysTick_Config
                0x0000000008001710       0x44 ./Drivers/STM32F4xx_HAL_Driver/Src/stm32f4xx_hal_cortex.o
 .text.HAL_NVIC_SetPriorityGrouping
                0x0000000008001754       0x16 ./Drivers/STM32F4xx_HAL_Driver/Src/stm32f4xx_hal_cortex.o
                0x0000000008001754                HAL_NVIC_SetPriorityGrouping
 .text.HAL_NVIC_SetPriority
                0x000000000800176a       0x38 ./Drivers/STM32F4xx_HAL_Driver/Src/stm32f4xx_hal_cortex.o
                0x000000000800176a                HAL_NVIC_SetPriority
 .text.HAL_SYSTICK_Config
                0x00000000080017a2       0x18 ./Drivers/STM32F4xx_HAL_Driver/Src/stm32f4xx_hal_cortex.o
                0x00000000080017a2                HAL_SYSTICK_Config
 *fill*         0x00000000080017ba        0x2 
 .text.HAL_GPIO_Init
                0x00000000080017bc      0x358 ./Drivers/STM32F4xx_HAL_Driver/Src/stm32f4xx_hal_gpio.o
                0x00000000080017bc                HAL_GPIO_Init
 .text.HAL_GPIO_WritePin
                0x0000000008001b14       0x32 ./Drivers/STM32F4xx_HAL_Driver/Src/stm32f4xx_hal_gpio.o
                0x0000000008001b14                HAL_GPIO_WritePin
 *fill*         0x0000000008001b46        0x2 
 .text.HAL_I2C_Init
                0x0000000008001b48      0x288 ./Drivers/STM32F4xx_HAL_Driver/Src/stm32f4xx_hal_i2c.o
                0x0000000008001b48                HAL_I2C_Init
 .text.HAL_I2C_Master_Transmit
                0x0000000008001dd0      0x1fc ./Drivers/STM32F4xx_HAL_Driver/Src/stm32f4xx_hal_i2c.o
                0x0000000008001dd0                HAL_I2C_Master_Transmit
 .text.I2C_MasterRequestWrite
                0x0000000008001fcc      0x104 ./Drivers/STM32F4xx_HAL_Driver/Src/stm32f4xx_hal_i2c.o
 .text.I2C_WaitOnFlagUntilTimeout
                0x00000000080020d0       0xae ./Drivers/STM32F4xx_HAL_Driver/Src/stm32f4xx_hal_i2c.o
 .text.I2C_WaitOnMasterAddressFlagUntilTimeout
                0x000000000800217e       0xfe ./Drivers/STM32F4xx_HAL_Driver/Src/stm32f4xx_hal_i2c.o
 .text.I2C_WaitOnTXEFlagUntilTimeout
                0x000000000800227c       0x82 ./Drivers/STM32F4xx_HAL_Driver/Src/stm32f4xx_hal_i2c.o
 .text.I2C_WaitOnBTFFlagUntilTimeout
                0x00000000080022fe       0x82 ./Drivers/STM32F4xx_HAL_Driver/Src/stm32f4xx_hal_i2c.o
 .text.I2C_IsAcknowledgeFailed
                0x0000000008002380       0x5e ./Drivers/STM32F4xx_HAL_Driver/Src/stm32f4xx_hal_i2c.o
 .text.HAL_I2CEx_ConfigAnalogFilter
                0x00000000080023de       0x78 ./Drivers/STM32F4xx_HAL_Driver/Src/stm32f4xx_hal_i2c_ex.o
                0x00000000080023de                HAL_I2CEx_ConfigAnalogFilter
 .text.HAL_I2CEx_ConfigDigitalFilter
                0x0000000008002456       0x7e ./Drivers/STM32F4xx_HAL_Driver/Src/stm32f4xx_hal_i2c_ex.o
                0x0000000008002456                HAL_I2CEx_ConfigDigitalFilter
 .text.HAL_RCC_OscConfig
                0x00000000080024d4      0x4f0 ./Drivers/STM32F4xx_HAL_Driver/Src/stm32f4xx_hal_rcc.o
                0x00000000080024d4                HAL_RCC_OscConfig
 .text.HAL_RCC_ClockConfig
                0x00000000080029c4      0x1cc ./Drivers/STM32F4xx_HAL_Driver/Src/stm32f4xx_hal_rcc.o
                0x00000000080029c4                HAL_RCC_ClockConfig
 .text.HAL_RCC_GetSysClockFreq
                0x0000000008002b90      0x20c ./Drivers/STM32F4xx_HAL_Driver/Src/stm32f4xx_hal_rcc.o
                0x0000000008002b90                HAL_RCC_GetSysClockFreq
 .text.HAL_RCC_GetHCLKFreq
                0x0000000008002d9c       0x18 ./Drivers/STM32F4xx_HAL_Driver/Src/stm32f4xx_hal_rcc.o
                0x0000000008002d9c                HAL_RCC_GetHCLKFreq
 .text.HAL_RCC_GetPCLK1Freq
                0x0000000008002db4       0x28 ./Drivers/STM32F4xx_HAL_Driver/Src/stm32f4xx_hal_rcc.o
                0x0000000008002db4                HAL_RCC_GetPCLK1Freq
 .text.HAL_RCC_GetPCLK2Freq
                0x0000000008002ddc       0x28 ./Drivers/STM32F4xx_HAL_Driver/Src/stm32f4xx_hal_rcc.o
                0x0000000008002ddc                HAL_RCC_GetPCLK2Freq
 .text.HAL_UART_Init
                0x0000000008002e04       0x9a ./Drivers/STM32F4xx_HAL_Driver/Src/stm32f4xx_hal_uart.o
                0x0000000008002e04                HAL_UART_Init
 .text.HAL_UART_Transmit
                0x0000000008002e9e      0x124 ./Drivers/STM32F4xx_HAL_Driver/Src/stm32f4xx_hal_uart.o
                0x0000000008002e9e                HAL_UART_Transmit
 .text.UART_WaitOnFlagUntilTimeout
                0x0000000008002fc2       0xdc ./Drivers/STM32F4xx_HAL_Driver/Src/stm32f4xx_hal_uart.o
 *fill*         0x000000000800309e        0x2 
 .text.UART_SetConfig
                0x00000000080030a0      0x4e8 ./Drivers/STM32F4xx_HAL_Driver/Src/stm32f4xx_hal_uart.o
 .text.__errno  0x0000000008003588        0xc c:/st/stm32cubeide_1.9.0/stm32cubeide/plugins/com.st.stm32cube.ide.mcu.externaltools.gnu-tools-for-stm32.10.3-2021.10.win32_1.0.0.202111181127/tools/bin/../lib/gcc/arm-none-eabi/10.3.1/../../../../arm-none-eabi/lib/thumb/v7e-m+fp/hard\libc_nano.a(lib_a-errno.o)
                0x0000000008003588                __errno
 .text.__libc_init_array
                0x0000000008003594       0x48 c:/st/stm32cubeide_1.9.0/stm32cubeide/plugins/com.st.stm32cube.ide.mcu.externaltools.gnu-tools-for-stm32.10.3-2021.10.win32_1.0.0.202111181127/tools/bin/../lib/gcc/arm-none-eabi/10.3.1/../../../../arm-none-eabi/lib/thumb/v7e-m+fp/hard\libc_nano.a(lib_a-init.o)
                0x0000000008003594                __libc_init_array
 .text.__itoa   0x00000000080035dc       0x30 c:/st/stm32cubeide_1.9.0/stm32cubeide/plugins/com.st.stm32cube.ide.mcu.externaltools.gnu-tools-for-stm32.10.3-2021.10.win32_1.0.0.202111181127/tools/bin/../lib/gcc/arm-none-eabi/10.3.1/../../../../arm-none-eabi/lib/thumb/v7e-m+fp/hard\libc_nano.a(lib_a-itoa.o)
                0x00000000080035dc                __itoa
 .text.itoa     0x000000000800360c        0x4 c:/st/stm32cubeide_1.9.0/stm32cubeide/plugins/com.st.stm32cube.ide.mcu.externaltools.gnu-tools-for-stm32.10.3-2021.10.win32_1.0.0.202111181127/tools/bin/../lib/gcc/arm-none-eabi/10.3.1/../../../../arm-none-eabi/lib/thumb/v7e-m+fp/hard\libc_nano.a(lib_a-itoa.o)
                0x000000000800360c                itoa
 .text.memset   0x0000000008003610       0x10 c:/st/stm32cubeide_1.9.0/stm32cubeide/plugins/com.st.stm32cube.ide.mcu.externaltools.gnu-tools-for-stm32.10.3-2021.10.win32_1.0.0.202111181127/tools/bin/../lib/gcc/arm-none-eabi/10.3.1/../../../../arm-none-eabi/lib/thumb/v7e-m+fp/hard\libc_nano.a(lib_a-memset.o)
                0x0000000008003610                memset
 .text._puts_r  0x0000000008003620       0xdc c:/st/stm32cubeide_1.9.0/stm32cubeide/plugins/com.st.stm32cube.ide.mcu.externaltools.gnu-tools-for-stm32.10.3-2021.10.win32_1.0.0.202111181127/tools/bin/../lib/gcc/arm-none-eabi/10.3.1/../../../../arm-none-eabi/lib/thumb/v7e-m+fp/hard\libc_nano.a(lib_a-puts.o)
                0x0000000008003620                _puts_r
 .text.puts     0x00000000080036fc       0x10 c:/st/stm32cubeide_1.9.0/stm32cubeide/plugins/com.st.stm32cube.ide.mcu.externaltools.gnu-tools-for-stm32.10.3-2021.10.win32_1.0.0.202111181127/tools/bin/../lib/gcc/arm-none-eabi/10.3.1/../../../../arm-none-eabi/lib/thumb/v7e-m+fp/hard\libc_nano.a(lib_a-puts.o)
                0x00000000080036fc                puts
 .text.__utoa   0x000000000800370c       0x84 c:/st/stm32cubeide_1.9.0/stm32cubeide/plugins/com.st.stm32cube.ide.mcu.externaltools.gnu-tools-for-stm32.10.3-2021.10.win32_1.0.0.202111181127/tools/bin/../lib/gcc/arm-none-eabi/10.3.1/../../../../arm-none-eabi/lib/thumb/v7e-m+fp/hard\libc_nano.a(lib_a-utoa.o)
                0x000000000800370c                __utoa
 .text.__swbuf_r
                0x0000000008003790       0xa4 c:/st/stm32cubeide_1.9.0/stm32cubeide/plugins/com.st.stm32cube.ide.mcu.externaltools.gnu-tools-for-stm32.10.3-2021.10.win32_1.0.0.202111181127/tools/bin/../lib/gcc/arm-none-eabi/10.3.1/../../../../arm-none-eabi/lib/thumb/v7e-m+fp/hard\libc_nano.a(lib_a-wbuf.o)
                0x0000000008003790                __swbuf_r
 .text.__swsetup_r
                0x0000000008003834       0xdc c:/st/stm32cubeide_1.9.0/stm32cubeide/plugins/com.st.stm32cube.ide.mcu.externaltools.gnu-tools-for-stm32.10.3-2021.10.win32_1.0.0.202111181127/tools/bin/../lib/gcc/arm-none-eabi/10.3.1/../../../../arm-none-eabi/lib/thumb/v7e-m+fp/hard\libc_nano.a(lib_a-wsetup.o)
                0x0000000008003834                __swsetup_r
 .text.__sflush_r
                0x0000000008003910      0x10c c:/st/stm32cubeide_1.9.0/stm32cubeide/plugins/com.st.stm32cube.ide.mcu.externaltools.gnu-tools-for-stm32.10.3-2021.10.win32_1.0.0.202111181127/tools/bin/../lib/gcc/arm-none-eabi/10.3.1/../../../../arm-none-eabi/lib/thumb/v7e-m+fp/hard\libc_nano.a(lib_a-fflush.o)
                0x0000000008003910                __sflush_r
 .text._fflush_r
                0x0000000008003a1c       0x78 c:/st/stm32cubeide_1.9.0/stm32cubeide/plugins/com.st.stm32cube.ide.mcu.externaltools.gnu-tools-for-stm32.10.3-2021.10.win32_1.0.0.202111181127/tools/bin/../lib/gcc/arm-none-eabi/10.3.1/../../../../arm-none-eabi/lib/thumb/v7e-m+fp/hard\libc_nano.a(lib_a-fflush.o)
                0x0000000008003a1c                _fflush_r
 .text.std      0x0000000008003a94       0x48 c:/st/stm32cubeide_1.9.0/stm32cubeide/plugins/com.st.stm32cube.ide.mcu.externaltools.gnu-tools-for-stm32.10.3-2021.10.win32_1.0.0.202111181127/tools/bin/../lib/gcc/arm-none-eabi/10.3.1/../../../../arm-none-eabi/lib/thumb/v7e-m+fp/hard\libc_nano.a(lib_a-findfp.o)
 .text._cleanup_r
                0x0000000008003adc        0xc c:/st/stm32cubeide_1.9.0/stm32cubeide/plugins/com.st.stm32cube.ide.mcu.externaltools.gnu-tools-for-stm32.10.3-2021.10.win32_1.0.0.202111181127/tools/bin/../lib/gcc/arm-none-eabi/10.3.1/../../../../arm-none-eabi/lib/thumb/v7e-m+fp/hard\libc_nano.a(lib_a-findfp.o)
                0x0000000008003adc                _cleanup_r
 .text.__sfmoreglue
                0x0000000008003ae8       0x2c c:/st/stm32cubeide_1.9.0/stm32cubeide/plugins/com.st.stm32cube.ide.mcu.externaltools.gnu-tools-for-stm32.10.3-2021.10.win32_1.0.0.202111181127/tools/bin/../lib/gcc/arm-none-eabi/10.3.1/../../../../arm-none-eabi/lib/thumb/v7e-m+fp/hard\libc_nano.a(lib_a-findfp.o)
                0x0000000008003ae8                __sfmoreglue
 .text.__sfp_lock_acquire
                0x0000000008003b14        0xc c:/st/stm32cubeide_1.9.0/stm32cubeide/plugins/com.st.stm32cube.ide.mcu.externaltools.gnu-tools-for-stm32.10.3-2021.10.win32_1.0.0.202111181127/tools/bin/../lib/gcc/arm-none-eabi/10.3.1/../../../../arm-none-eabi/lib/thumb/v7e-m+fp/hard\libc_nano.a(lib_a-findfp.o)
                0x0000000008003b14                __sfp_lock_acquire
 .text.__sfp_lock_release
                0x0000000008003b20        0xc c:/st/stm32cubeide_1.9.0/stm32cubeide/plugins/com.st.stm32cube.ide.mcu.externaltools.gnu-tools-for-stm32.10.3-2021.10.win32_1.0.0.202111181127/tools/bin/../lib/gcc/arm-none-eabi/10.3.1/../../../../arm-none-eabi/lib/thumb/v7e-m+fp/hard\libc_nano.a(lib_a-findfp.o)
                0x0000000008003b20                __sfp_lock_release
 .text.__sinit_lock_acquire
                0x0000000008003b2c        0xc c:/st/stm32cubeide_1.9.0/stm32cubeide/plugins/com.st.stm32cube.ide.mcu.externaltools.gnu-tools-for-stm32.10.3-2021.10.win32_1.0.0.202111181127/tools/bin/../lib/gcc/arm-none-eabi/10.3.1/../../../../arm-none-eabi/lib/thumb/v7e-m+fp/hard\libc_nano.a(lib_a-findfp.o)
                0x0000000008003b2c                __sinit_lock_acquire
 .text.__sinit_lock_release
                0x0000000008003b38        0xc c:/st/stm32cubeide_1.9.0/stm32cubeide/plugins/com.st.stm32cube.ide.mcu.externaltools.gnu-tools-for-stm32.10.3-2021.10.win32_1.0.0.202111181127/tools/bin/../lib/gcc/arm-none-eabi/10.3.1/../../../../arm-none-eabi/lib/thumb/v7e-m+fp/hard\libc_nano.a(lib_a-findfp.o)
                0x0000000008003b38                __sinit_lock_release
 .text.__sinit  0x0000000008003b44       0x70 c:/st/stm32cubeide_1.9.0/stm32cubeide/plugins/com.st.stm32cube.ide.mcu.externaltools.gnu-tools-for-stm32.10.3-2021.10.win32_1.0.0.202111181127/tools/bin/../lib/gcc/arm-none-eabi/10.3.1/../../../../arm-none-eabi/lib/thumb/v7e-m+fp/hard\libc_nano.a(lib_a-findfp.o)
                0x0000000008003b44                __sinit
 .text.__sfp    0x0000000008003bb4       0x8c c:/st/stm32cubeide_1.9.0/stm32cubeide/plugins/com.st.stm32cube.ide.mcu.externaltools.gnu-tools-for-stm32.10.3-2021.10.win32_1.0.0.202111181127/tools/bin/../lib/gcc/arm-none-eabi/10.3.1/../../../../arm-none-eabi/lib/thumb/v7e-m+fp/hard\libc_nano.a(lib_a-findfp.o)
                0x0000000008003bb4                __sfp
 .text._fwalk_reent
                0x0000000008003c40       0x3e c:/st/stm32cubeide_1.9.0/stm32cubeide/plugins/com.st.stm32cube.ide.mcu.externaltools.gnu-tools-for-stm32.10.3-2021.10.win32_1.0.0.202111181127/tools/bin/../lib/gcc/arm-none-eabi/10.3.1/../../../../arm-none-eabi/lib/thumb/v7e-m+fp/hard\libc_nano.a(lib_a-fwalk.o)
                0x0000000008003c40                _fwalk_reent
 .text.__retarget_lock_init_recursive
                0x0000000008003c7e        0x2 c:/st/stm32cubeide_1.9.0/stm32cubeide/plugins/com.st.stm32cube.ide.mcu.externaltools.gnu-tools-for-stm32.10.3-2021.10.win32_1.0.0.202111181127/tools/bin/../lib/gcc/arm-none-eabi/10.3.1/../../../../arm-none-eabi/lib/thumb/v7e-m+fp/hard\libc_nano.a(lib_a-lock.o)
                0x0000000008003c7e                __retarget_lock_init_recursive
 .text.__retarget_lock_acquire_recursive
                0x0000000008003c80        0x2 c:/st/stm32cubeide_1.9.0/stm32cubeide/plugins/com.st.stm32cube.ide.mcu.externaltools.gnu-tools-for-stm32.10.3-2021.10.win32_1.0.0.202111181127/tools/bin/../lib/gcc/arm-none-eabi/10.3.1/../../../../arm-none-eabi/lib/thumb/v7e-m+fp/hard\libc_nano.a(lib_a-lock.o)
                0x0000000008003c80                __retarget_lock_acquire_recursive
 .text.__retarget_lock_release_recursive
                0x0000000008003c82        0x2 c:/st/stm32cubeide_1.9.0/stm32cubeide/plugins/com.st.stm32cube.ide.mcu.externaltools.gnu-tools-for-stm32.10.3-2021.10.win32_1.0.0.202111181127/tools/bin/../lib/gcc/arm-none-eabi/10.3.1/../../../../arm-none-eabi/lib/thumb/v7e-m+fp/hard\libc_nano.a(lib_a-lock.o)
                0x0000000008003c82                __retarget_lock_release_recursive
 .text.__swhatbuf_r
                0x0000000008003c84       0x4a c:/st/stm32cubeide_1.9.0/stm32cubeide/plugins/com.st.stm32cube.ide.mcu.externaltools.gnu-tools-for-stm32.10.3-2021.10.win32_1.0.0.202111181127/tools/bin/../lib/gcc/arm-none-eabi/10.3.1/../../../../arm-none-eabi/lib/thumb/v7e-m+fp/hard\libc_nano.a(lib_a-makebuf.o)
                0x0000000008003c84                __swhatbuf_r
 *fill*         0x0000000008003cce        0x2 
 .text.__smakebuf_r
                0x0000000008003cd0       0x80 c:/st/stm32cubeide_1.9.0/stm32cubeide/plugins/com.st.stm32cube.ide.mcu.externaltools.gnu-tools-for-stm32.10.3-2021.10.win32_1.0.0.202111181127/tools/bin/../lib/gcc/arm-none-eabi/10.3.1/../../../../arm-none-eabi/lib/thumb/v7e-m+fp/hard\libc_nano.a(lib_a-makebuf.o)
                0x0000000008003cd0                __smakebuf_r
 .text._free_r  0x0000000008003d50       0x98 c:/st/stm32cubeide_1.9.0/stm32cubeide/plugins/com.st.stm32cube.ide.mcu.externaltools.gnu-tools-for-stm32.10.3-2021.10.win32_1.0.0.202111181127/tools/bin/../lib/gcc/arm-none-eabi/10.3.1/../../../../arm-none-eabi/lib/thumb/v7e-m+fp/hard\libc_nano.a(lib_a-nano-freer.o)
                0x0000000008003d50                _free_r
 .text.sbrk_aligned
                0x0000000008003de8       0x40 c:/st/stm32cubeide_1.9.0/stm32cubeide/plugins/com.st.stm32cube.ide.mcu.externaltools.gnu-tools-for-stm32.10.3-2021.10.win32_1.0.0.202111181127/tools/bin/../lib/gcc/arm-none-eabi/10.3.1/../../../../arm-none-eabi/lib/thumb/v7e-m+fp/hard\libc_nano.a(lib_a-nano-mallocr.o)
 .text._malloc_r
                0x0000000008003e28       0xe8 c:/st/stm32cubeide_1.9.0/stm32cubeide/plugins/com.st.stm32cube.ide.mcu.externaltools.gnu-tools-for-stm32.10.3-2021.10.win32_1.0.0.202111181127/tools/bin/../lib/gcc/arm-none-eabi/10.3.1/../../../../arm-none-eabi/lib/thumb/v7e-m+fp/hard\libc_nano.a(lib_a-nano-mallocr.o)
                0x0000000008003e28                _malloc_r
 .text._sbrk_r  0x0000000008003f10       0x20 c:/st/stm32cubeide_1.9.0/stm32cubeide/plugins/com.st.stm32cube.ide.mcu.externaltools.gnu-tools-for-stm32.10.3-2021.10.win32_1.0.0.202111181127/tools/bin/../lib/gcc/arm-none-eabi/10.3.1/../../../../arm-none-eabi/lib/thumb/v7e-m+fp/hard\libc_nano.a(lib_a-sbrkr.o)
                0x0000000008003f10                _sbrk_r
 .text.__sread  0x0000000008003f30       0x22 c:/st/stm32cubeide_1.9.0/stm32cubeide/plugins/com.st.stm32cube.ide.mcu.externaltools.gnu-tools-for-stm32.10.3-2021.10.win32_1.0.0.202111181127/tools/bin/../lib/gcc/arm-none-eabi/10.3.1/../../../../arm-none-eabi/lib/thumb/v7e-m+fp/hard\libc_nano.a(lib_a-stdio.o)
                0x0000000008003f30                __sread
 .text.__swrite
                0x0000000008003f52       0x38 c:/st/stm32cubeide_1.9.0/stm32cubeide/plugins/com.st.stm32cube.ide.mcu.externaltools.gnu-tools-for-stm32.10.3-2021.10.win32_1.0.0.202111181127/tools/bin/../lib/gcc/arm-none-eabi/10.3.1/../../../../arm-none-eabi/lib/thumb/v7e-m+fp/hard\libc_nano.a(lib_a-stdio.o)
                0x0000000008003f52                __swrite
 .text.__sseek  0x0000000008003f8a       0x24 c:/st/stm32cubeide_1.9.0/stm32cubeide/plugins/com.st.stm32cube.ide.mcu.externaltools.gnu-tools-for-stm32.10.3-2021.10.win32_1.0.0.202111181127/tools/bin/../lib/gcc/arm-none-eabi/10.3.1/../../../../arm-none-eabi/lib/thumb/v7e-m+fp/hard\libc_nano.a(lib_a-stdio.o)
                0x0000000008003f8a                __sseek
 .text.__sclose
                0x0000000008003fae        0x8 c:/st/stm32cubeide_1.9.0/stm32cubeide/plugins/com.st.stm32cube.ide.mcu.externaltools.gnu-tools-for-stm32.10.3-2021.10.win32_1.0.0.202111181127/tools/bin/../lib/gcc/arm-none-eabi/10.3.1/../../../../arm-none-eabi/lib/thumb/v7e-m+fp/hard\libc_nano.a(lib_a-stdio.o)
                0x0000000008003fae                __sclose
 *fill*         0x0000000008003fb6        0x2 
 .text._write_r
                0x0000000008003fb8       0x24 c:/st/stm32cubeide_1.9.0/stm32cubeide/plugins/com.st.stm32cube.ide.mcu.externaltools.gnu-tools-for-stm32.10.3-2021.10.win32_1.0.0.202111181127/tools/bin/../lib/gcc/arm-none-eabi/10.3.1/../../../../arm-none-eabi/lib/thumb/v7e-m+fp/hard\libc_nano.a(lib_a-writer.o)
                0x0000000008003fb8                _write_r
 .text._close_r
                0x0000000008003fdc       0x20 c:/st/stm32cubeide_1.9.0/stm32cubeide/plugins/com.st.stm32cube.ide.mcu.externaltools.gnu-tools-for-stm32.10.3-2021.10.win32_1.0.0.202111181127/tools/bin/../lib/gcc/arm-none-eabi/10.3.1/../../../../arm-none-eabi/lib/thumb/v7e-m+fp/hard\libc_nano.a(lib_a-closer.o)
                0x0000000008003fdc                _close_r
 .text._fstat_r
                0x0000000008003ffc       0x24 c:/st/stm32cubeide_1.9.0/stm32cubeide/plugins/com.st.stm32cube.ide.mcu.externaltools.gnu-tools-for-stm32.10.3-2021.10.win32_1.0.0.202111181127/tools/bin/../lib/gcc/arm-none-eabi/10.3.1/../../../../arm-none-eabi/lib/thumb/v7e-m+fp/hard\libc_nano.a(lib_a-fstatr.o)
                0x0000000008003ffc                _fstat_r
 .text._isatty_r
                0x0000000008004020       0x20 c:/st/stm32cubeide_1.9.0/stm32cubeide/plugins/com.st.stm32cube.ide.mcu.externaltools.gnu-tools-for-stm32.10.3-2021.10.win32_1.0.0.202111181127/tools/bin/../lib/gcc/arm-none-eabi/10.3.1/../../../../arm-none-eabi/lib/thumb/v7e-m+fp/hard\libc_nano.a(lib_a-isattyr.o)
                0x0000000008004020                _isatty_r
 .text._lseek_r
                0x0000000008004040       0x24 c:/st/stm32cubeide_1.9.0/stm32cubeide/plugins/com.st.stm32cube.ide.mcu.externaltools.gnu-tools-for-stm32.10.3-2021.10.win32_1.0.0.202111181127/tools/bin/../lib/gcc/arm-none-eabi/10.3.1/../../../../arm-none-eabi/lib/thumb/v7e-m+fp/hard\libc_nano.a(lib_a-lseekr.o)
                0x0000000008004040                _lseek_r
 .text.__malloc_lock
                0x0000000008004064        0xc c:/st/stm32cubeide_1.9.0/stm32cubeide/plugins/com.st.stm32cube.ide.mcu.externaltools.gnu-tools-for-stm32.10.3-2021.10.win32_1.0.0.202111181127/tools/bin/../lib/gcc/arm-none-eabi/10.3.1/../../../../arm-none-eabi/lib/thumb/v7e-m+fp/hard\libc_nano.a(lib_a-mlock.o)
                0x0000000008004064                __malloc_lock
 .text.__malloc_unlock
                0x0000000008004070        0xc c:/st/stm32cubeide_1.9.0/stm32cubeide/plugins/com.st.stm32cube.ide.mcu.externaltools.gnu-tools-for-stm32.10.3-2021.10.win32_1.0.0.202111181127/tools/bin/../lib/gcc/arm-none-eabi/10.3.1/../../../../arm-none-eabi/lib/thumb/v7e-m+fp/hard\libc_nano.a(lib_a-mlock.o)
                0x0000000008004070                __malloc_unlock
 .text._read_r  0x000000000800407c       0x24 c:/st/stm32cubeide_1.9.0/stm32cubeide/plugins/com.st.stm32cube.ide.mcu.externaltools.gnu-tools-for-stm32.10.3-2021.10.win32_1.0.0.202111181127/tools/bin/../lib/gcc/arm-none-eabi/10.3.1/../../../../arm-none-eabi/lib/thumb/v7e-m+fp/hard\libc_nano.a(lib_a-readr.o)
                0x000000000800407c                _read_r
 *(.glue_7)
 .glue_7        0x00000000080040a0        0x0 linker stubs
 *(.glue_7t)
 .glue_7t       0x00000000080040a0        0x0 linker stubs
 *(.eh_frame)
 .eh_frame      0x00000000080040a0        0x0 c:/st/stm32cubeide_1.9.0/stm32cubeide/plugins/com.st.stm32cube.ide.mcu.externaltools.gnu-tools-for-stm32.10.3-2021.10.win32_1.0.0.202111181127/tools/bin/../lib/gcc/arm-none-eabi/10.3.1/thumb/v7e-m+fp/hard/crtbegin.o
 *(.init)
 .init          0x00000000080040a0        0x4 c:/st/stm32cubeide_1.9.0/stm32cubeide/plugins/com.st.stm32cube.ide.mcu.externaltools.gnu-tools-for-stm32.10.3-2021.10.win32_1.0.0.202111181127/tools/bin/../lib/gcc/arm-none-eabi/10.3.1/thumb/v7e-m+fp/hard/crti.o
                0x00000000080040a0                _init
 .init          0x00000000080040a4        0x8 c:/st/stm32cubeide_1.9.0/stm32cubeide/plugins/com.st.stm32cube.ide.mcu.externaltools.gnu-tools-for-stm32.10.3-2021.10.win32_1.0.0.202111181127/tools/bin/../lib/gcc/arm-none-eabi/10.3.1/thumb/v7e-m+fp/hard/crtn.o
 *(.fini)
 .fini          0x00000000080040ac        0x4 c:/st/stm32cubeide_1.9.0/stm32cubeide/plugins/com.st.stm32cube.ide.mcu.externaltools.gnu-tools-for-stm32.10.3-2021.10.win32_1.0.0.202111181127/tools/bin/../lib/gcc/arm-none-eabi/10.3.1/thumb/v7e-m+fp/hard/crti.o
                0x00000000080040ac                _fini
 .fini          0x00000000080040b0        0x8 c:/st/stm32cubeide_1.9.0/stm32cubeide/plugins/com.st.stm32cube.ide.mcu.externaltools.gnu-tools-for-stm32.10.3-2021.10.win32_1.0.0.202111181127/tools/bin/../lib/gcc/arm-none-eabi/10.3.1/thumb/v7e-m+fp/hard/crtn.o
                0x00000000080040b8                . = ALIGN (0x4)
                0x00000000080040b8                _etext = .

.vfp11_veneer   0x00000000080040b8        0x0
 .vfp11_veneer  0x00000000080040b8        0x0 linker stubs

.v4_bx          0x00000000080040b8        0x0
 .v4_bx         0x00000000080040b8        0x0 linker stubs

.iplt           0x00000000080040b8        0x0
 .iplt          0x00000000080040b8        0x0 c:/st/stm32cubeide_1.9.0/stm32cubeide/plugins/com.st.stm32cube.ide.mcu.externaltools.gnu-tools-for-stm32.10.3-2021.10.win32_1.0.0.202111181127/tools/bin/../lib/gcc/arm-none-eabi/10.3.1/thumb/v7e-m+fp/hard/crtbegin.o

.rodata         0x00000000080040b8      0x214
                0x00000000080040b8                . = ALIGN (0x4)
 *(.rodata)
 .rodata        0x00000000080040b8       0xd2 ./Core/Src/aplicacion.o
 *fill*         0x000000000800418a        0x2 
 .rodata        0x000000000800418c       0x8c ./Core/Src/main_ProtCom.o
 .rodata        0x0000000008004218       0x10 ./Drivers/PCF8574/Src/PCF8574.o
 *(.rodata*)
 .rodata.AHBPrescTable
                0x0000000008004228       0x10 ./Core/Src/system_stm32f4xx.o
                0x0000000008004228                AHBPrescTable
 .rodata.APBPrescTable
                0x0000000008004238        0x8 ./Core/Src/system_stm32f4xx.o
                0x0000000008004238                APBPrescTable
 .rodata._global_impure_ptr
                0x0000000008004240        0x4 c:/st/stm32cubeide_1.9.0/stm32cubeide/plugins/com.st.stm32cube.ide.mcu.externaltools.gnu-tools-for-stm32.10.3-2021.10.win32_1.0.0.202111181127/tools/bin/../lib/gcc/arm-none-eabi/10.3.1/../../../../arm-none-eabi/lib/thumb/v7e-m+fp/hard\libc_nano.a(lib_a-impure.o)
                0x0000000008004240                _global_impure_ptr
 .rodata.__utoa.str1.1
                0x0000000008004244       0x25 c:/st/stm32cubeide_1.9.0/stm32cubeide/plugins/com.st.stm32cube.ide.mcu.externaltools.gnu-tools-for-stm32.10.3-2021.10.win32_1.0.0.202111181127/tools/bin/../lib/gcc/arm-none-eabi/10.3.1/../../../../arm-none-eabi/lib/thumb/v7e-m+fp/hard\libc_nano.a(lib_a-utoa.o)
 *fill*         0x0000000008004269        0x3 
 .rodata.__sf_fake_stderr
                0x000000000800426c       0x20 c:/st/stm32cubeide_1.9.0/stm32cubeide/plugins/com.st.stm32cube.ide.mcu.externaltools.gnu-tools-for-stm32.10.3-2021.10.win32_1.0.0.202111181127/tools/bin/../lib/gcc/arm-none-eabi/10.3.1/../../../../arm-none-eabi/lib/thumb/v7e-m+fp/hard\libc_nano.a(lib_a-findfp.o)
                0x000000000800426c                __sf_fake_stderr
 .rodata.__sf_fake_stdin
                0x000000000800428c       0x20 c:/st/stm32cubeide_1.9.0/stm32cubeide/plugins/com.st.stm32cube.ide.mcu.externaltools.gnu-tools-for-stm32.10.3-2021.10.win32_1.0.0.202111181127/tools/bin/../lib/gcc/arm-none-eabi/10.3.1/../../../../arm-none-eabi/lib/thumb/v7e-m+fp/hard\libc_nano.a(lib_a-findfp.o)
                0x000000000800428c                __sf_fake_stdin
 .rodata.__sf_fake_stdout
                0x00000000080042ac       0x20 c:/st/stm32cubeide_1.9.0/stm32cubeide/plugins/com.st.stm32cube.ide.mcu.externaltools.gnu-tools-for-stm32.10.3-2021.10.win32_1.0.0.202111181127/tools/bin/../lib/gcc/arm-none-eabi/10.3.1/../../../../arm-none-eabi/lib/thumb/v7e-m+fp/hard\libc_nano.a(lib_a-findfp.o)
                0x00000000080042ac                __sf_fake_stdout
                0x00000000080042cc                . = ALIGN (0x4)

.ARM.extab      0x00000000080042cc        0x0
                0x00000000080042cc                . = ALIGN (0x4)
 *(.ARM.extab* .gnu.linkonce.armextab.*)
                0x00000000080042cc                . = ALIGN (0x4)

.ARM            0x00000000080042cc        0x8
                0x00000000080042cc                . = ALIGN (0x4)
                0x00000000080042cc                __exidx_start = .
 *(.ARM.exidx*)
 .ARM.exidx     0x00000000080042cc        0x8 c:/st/stm32cubeide_1.9.0/stm32cubeide/plugins/com.st.stm32cube.ide.mcu.externaltools.gnu-tools-for-stm32.10.3-2021.10.win32_1.0.0.202111181127/tools/bin/../lib/gcc/arm-none-eabi/10.3.1/thumb/v7e-m+fp/hard\libgcc.a(_udivmoddi4.o)
                0x00000000080042d4                __exidx_end = .
                0x00000000080042d4                . = ALIGN (0x4)

.rel.dyn        0x00000000080042d4        0x0
 .rel.iplt      0x00000000080042d4        0x0 c:/st/stm32cubeide_1.9.0/stm32cubeide/plugins/com.st.stm32cube.ide.mcu.externaltools.gnu-tools-for-stm32.10.3-2021.10.win32_1.0.0.202111181127/tools/bin/../lib/gcc/arm-none-eabi/10.3.1/thumb/v7e-m+fp/hard/crtbegin.o

.preinit_array  0x00000000080042d4        0x0
                0x00000000080042d4                . = ALIGN (0x4)
                0x00000000080042d4                PROVIDE (__preinit_array_start = .)
 *(.preinit_array*)
                0x00000000080042d4                PROVIDE (__preinit_array_end = .)
                0x00000000080042d4                . = ALIGN (0x4)

.init_array     0x00000000080042d4        0x4
                0x00000000080042d4                . = ALIGN (0x4)
                0x00000000080042d4                PROVIDE (__init_array_start = .)
 *(SORT_BY_NAME(.init_array.*))
 *(.init_array*)
 .init_array    0x00000000080042d4        0x4 c:/st/stm32cubeide_1.9.0/stm32cubeide/plugins/com.st.stm32cube.ide.mcu.externaltools.gnu-tools-for-stm32.10.3-2021.10.win32_1.0.0.202111181127/tools/bin/../lib/gcc/arm-none-eabi/10.3.1/thumb/v7e-m+fp/hard/crtbegin.o
                0x00000000080042d8                PROVIDE (__init_array_end = .)
                0x00000000080042d8                . = ALIGN (0x4)

.fini_array     0x00000000080042d8        0x4
                0x00000000080042d8                . = ALIGN (0x4)
                [!provide]                        PROVIDE (__fini_array_start = .)
 *(SORT_BY_NAME(.fini_array.*))
 *(.fini_array*)
 .fini_array    0x00000000080042d8        0x4 c:/st/stm32cubeide_1.9.0/stm32cubeide/plugins/com.st.stm32cube.ide.mcu.externaltools.gnu-tools-for-stm32.10.3-2021.10.win32_1.0.0.202111181127/tools/bin/../lib/gcc/arm-none-eabi/10.3.1/thumb/v7e-m+fp/hard/crtbegin.o
                [!provide]                        PROVIDE (__fini_array_end = .)
                0x00000000080042dc                . = ALIGN (0x4)
                0x00000000080042dc                _sidata = LOADADDR (.data)

.data           0x0000000020000000       0x80 load address 0x00000000080042dc
                0x0000000020000000                . = ALIGN (0x4)
                0x0000000020000000                _sdata = .
 *(.data)
 *(.data*)
 .data.SystemCoreClock
                0x0000000020000000        0x4 ./Core/Src/system_stm32f4xx.o
                0x0000000020000000                SystemCoreClock
 .data.special1
                0x0000000020000004        0x8 ./Drivers/PCF8574/Src/PCF8574.o
                0x0000000020000004                special1
 .data.special2
                0x000000002000000c        0x8 ./Drivers/PCF8574/Src/PCF8574.o
                0x000000002000000c                special2
 .data.uwTickPrio
                0x0000000020000014        0x4 ./Drivers/STM32F4xx_HAL_Driver/Src/stm32f4xx_hal.o
                0x0000000020000014                uwTickPrio
 .data.uwTickFreq
                0x0000000020000018        0x1 ./Drivers/STM32F4xx_HAL_Driver/Src/stm32f4xx_hal.o
                0x0000000020000018                uwTickFreq
 *fill*         0x0000000020000019        0x3 
 .data._impure_ptr
                0x000000002000001c        0x4 c:/st/stm32cubeide_1.9.0/stm32cubeide/plugins/com.st.stm32cube.ide.mcu.externaltools.gnu-tools-for-stm32.10.3-2021.10.win32_1.0.0.202111181127/tools/bin/../lib/gcc/arm-none-eabi/10.3.1/../../../../arm-none-eabi/lib/thumb/v7e-m+fp/hard\libc_nano.a(lib_a-impure.o)
                0x000000002000001c                _impure_ptr
 .data.impure_data
                0x0000000020000020       0x60 c:/st/stm32cubeide_1.9.0/stm32cubeide/plugins/com.st.stm32cube.ide.mcu.externaltools.gnu-tools-for-stm32.10.3-2021.10.win32_1.0.0.202111181127/tools/bin/../lib/gcc/arm-none-eabi/10.3.1/../../../../arm-none-eabi/lib/thumb/v7e-m+fp/hard\libc_nano.a(lib_a-impure.o)
 *(.RamFunc)
 *(.RamFunc*)
                0x0000000020000080                . = ALIGN (0x4)
                0x0000000020000080                _edata = .
                0x000000000800435c                _siccmram = LOADADDR (.ccmram)

.igot.plt       0x0000000020000080        0x0 load address 0x000000000800435c
 .igot.plt      0x0000000020000080        0x0 c:/st/stm32cubeide_1.9.0/stm32cubeide/plugins/com.st.stm32cube.ide.mcu.externaltools.gnu-tools-for-stm32.10.3-2021.10.win32_1.0.0.202111181127/tools/bin/../lib/gcc/arm-none-eabi/10.3.1/thumb/v7e-m+fp/hard/crtbegin.o

.ccmram         0x0000000010000000        0x0 load address 0x000000000800435c
                0x0000000010000000                . = ALIGN (0x4)
                0x0000000010000000                _sccmram = .
 *(.ccmram)
 *(.ccmram*)
                0x0000000010000000                . = ALIGN (0x4)
                0x0000000010000000                _eccmram = .
                0x0000000010000000                . = ALIGN (0x4)

.bss            0x0000000020000080       0xd4
                0x0000000020000080                _sbss = .
                0x0000000020000080                __bss_start__ = _sbss
 *(.bss)
 .bss           0x0000000020000080       0x1c c:/st/stm32cubeide_1.9.0/stm32cubeide/plugins/com.st.stm32cube.ide.mcu.externaltools.gnu-tools-for-stm32.10.3-2021.10.win32_1.0.0.202111181127/tools/bin/../lib/gcc/arm-none-eabi/10.3.1/thumb/v7e-m+fp/hard/crtbegin.o
 *(.bss*)
 .bss.hi2c1     0x000000002000009c       0x54 ./Core/Src/main_ProtCom.o
                0x000000002000009c                hi2c1
 .bss.huart3    0x00000000200000f0       0x44 ./Core/Src/main_ProtCom.o
                0x00000000200000f0                huart3
 .bss.__sbrk_heap_end
                0x0000000020000134        0x4 ./Core/Src/sysmem.o
 .bss.dpFunction
                0x0000000020000138        0x1 ./Drivers/PCF8574/Src/PCF8574.o
                0x0000000020000138                dpFunction
 .bss.dpControl
                0x0000000020000139        0x1 ./Drivers/PCF8574/Src/PCF8574.o
                0x0000000020000139                dpControl
 .bss.dpMode    0x000000002000013a        0x1 ./Drivers/PCF8574/Src/PCF8574.o
                0x000000002000013a                dpMode
 .bss.dpRows    0x000000002000013b        0x1 ./Drivers/PCF8574/Src/PCF8574.o
                0x000000002000013b                dpRows
 .bss.dpBacklight
                0x000000002000013c        0x1 ./Drivers/PCF8574/Src/PCF8574.o
                0x000000002000013c                dpBacklight
 *fill*         0x000000002000013d        0x3 
 .bss.uwTick    0x0000000020000140        0x4 ./Drivers/STM32F4xx_HAL_Driver/Src/stm32f4xx_hal.o
                0x0000000020000140                uwTick
 .bss.__lock___malloc_recursive_mutex
                0x0000000020000144        0x1 c:/st/stm32cubeide_1.9.0/stm32cubeide/plugins/com.st.stm32cube.ide.mcu.externaltools.gnu-tools-for-stm32.10.3-2021.10.win32_1.0.0.202111181127/tools/bin/../lib/gcc/arm-none-eabi/10.3.1/../../../../arm-none-eabi/lib/thumb/v7e-m+fp/hard\libc_nano.a(lib_a-lock.o)
                0x0000000020000144                __lock___malloc_recursive_mutex
 .bss.__lock___sfp_recursive_mutex
                0x0000000020000145        0x1 c:/st/stm32cubeide_1.9.0/stm32cubeide/plugins/com.st.stm32cube.ide.mcu.externaltools.gnu-tools-for-stm32.10.3-2021.10.win32_1.0.0.202111181127/tools/bin/../lib/gcc/arm-none-eabi/10.3.1/../../../../arm-none-eabi/lib/thumb/v7e-m+fp/hard\libc_nano.a(lib_a-lock.o)
                0x0000000020000145                __lock___sfp_recursive_mutex
 .bss.__lock___sinit_recursive_mutex
                0x0000000020000146        0x1 c:/st/stm32cubeide_1.9.0/stm32cubeide/plugins/com.st.stm32cube.ide.mcu.externaltools.gnu-tools-for-stm32.10.3-2021.10.win32_1.0.0.202111181127/tools/bin/../lib/gcc/arm-none-eabi/10.3.1/../../../../arm-none-eabi/lib/thumb/v7e-m+fp/hard\libc_nano.a(lib_a-lock.o)
                0x0000000020000146                __lock___sinit_recursive_mutex
 *fill*         0x0000000020000147        0x1 
 .bss.__malloc_free_list
                0x0000000020000148        0x4 c:/st/stm32cubeide_1.9.0/stm32cubeide/plugins/com.st.stm32cube.ide.mcu.externaltools.gnu-tools-for-stm32.10.3-2021.10.win32_1.0.0.202111181127/tools/bin/../lib/gcc/arm-none-eabi/10.3.1/../../../../arm-none-eabi/lib/thumb/v7e-m+fp/hard\libc_nano.a(lib_a-nano-mallocr.o)
                0x0000000020000148                __malloc_free_list
 .bss.__malloc_sbrk_start
                0x000000002000014c        0x4 c:/st/stm32cubeide_1.9.0/stm32cubeide/plugins/com.st.stm32cube.ide.mcu.externaltools.gnu-tools-for-stm32.10.3-2021.10.win32_1.0.0.202111181127/tools/bin/../lib/gcc/arm-none-eabi/10.3.1/../../../../arm-none-eabi/lib/thumb/v7e-m+fp/hard\libc_nano.a(lib_a-nano-mallocr.o)
                0x000000002000014c                __malloc_sbrk_start
 .bss.errno     0x0000000020000150        0x4 c:/st/stm32cubeide_1.9.0/stm32cubeide/plugins/com.st.stm32cube.ide.mcu.externaltools.gnu-tools-for-stm32.10.3-2021.10.win32_1.0.0.202111181127/tools/bin/../lib/gcc/arm-none-eabi/10.3.1/../../../../arm-none-eabi/lib/thumb/v7e-m+fp/hard\libc_nano.a(lib_a-reent.o)
                0x0000000020000150                errno
 *(COMMON)
                0x0000000020000154                . = ALIGN (0x4)
                0x0000000020000154                _ebss = .
                0x0000000020000154                __bss_end__ = _ebss

._user_heap_stack
                0x0000000020000154      0x604
                0x0000000020000158                . = ALIGN (0x8)
 *fill*         0x0000000020000154        0x4 
                [!provide]                        PROVIDE (end = .)
                0x0000000020000158                PROVIDE (_end = .)
                0x0000000020000358                . = (. + _Min_Heap_Size)
 *fill*         0x0000000020000158      0x200 
                0x0000000020000758                . = (. + _Min_Stack_Size)
 *fill*         0x0000000020000358      0x400 
                0x0000000020000758                . = ALIGN (0x8)

/DISCARD/
 libc.a(*)
 libm.a(*)
 libgcc.a(*)

.ARM.attributes
                0x0000000000000000       0x30
 *(.ARM.attributes)
 .ARM.attributes
                0x0000000000000000       0x1e c:/st/stm32cubeide_1.9.0/stm32cubeide/plugins/com.st.stm32cube.ide.mcu.externaltools.gnu-tools-for-stm32.10.3-2021.10.win32_1.0.0.202111181127/tools/bin/../lib/gcc/arm-none-eabi/10.3.1/thumb/v7e-m+fp/hard/crti.o
 .ARM.attributes
                0x000000000000001e       0x34 c:/st/stm32cubeide_1.9.0/stm32cubeide/plugins/com.st.stm32cube.ide.mcu.externaltools.gnu-tools-for-stm32.10.3-2021.10.win32_1.0.0.202111181127/tools/bin/../lib/gcc/arm-none-eabi/10.3.1/thumb/v7e-m+fp/hard/crtbegin.o
 .ARM.attributes
                0x0000000000000052       0x34 ./Core/Src/aplicacion.o
 .ARM.attributes
                0x0000000000000086       0x34 ./Core/Src/main_ProtCom.o
 .ARM.attributes
                0x00000000000000ba       0x34 ./Core/Src/stm32f4xx_hal_msp.o
 .ARM.attributes
                0x00000000000000ee       0x34 ./Core/Src/stm32f4xx_it.o
 .ARM.attributes
                0x0000000000000122       0x34 ./Core/Src/syscalls.o
 .ARM.attributes
                0x0000000000000156       0x34 ./Core/Src/sysmem.o
 .ARM.attributes
                0x000000000000018a       0x34 ./Core/Src/system_stm32f4xx.o
 .ARM.attributes
                0x00000000000001be       0x21 ./Core/Startup/startup_stm32f429zitx.o
 .ARM.attributes
                0x00000000000001df       0x34 ./Drivers/PCF8574/Src/PCF8574.o
 .ARM.attributes
                0x0000000000000213       0x34 ./Drivers/PCF8574/Src/PCF8574_Nucleo144_port.o
 .ARM.attributes
                0x0000000000000247       0x34 ./Drivers/STM32F4xx_HAL_Driver/Src/stm32f4xx_hal.o
 .ARM.attributes
                0x000000000000027b       0x34 ./Drivers/STM32F4xx_HAL_Driver/Src/stm32f4xx_hal_cortex.o
 .ARM.attributes
                0x00000000000002af       0x34 ./Drivers/STM32F4xx_HAL_Driver/Src/stm32f4xx_hal_gpio.o
 .ARM.attributes
                0x00000000000002e3       0x34 ./Drivers/STM32F4xx_HAL_Driver/Src/stm32f4xx_hal_i2c.o
 .ARM.attributes
                0x0000000000000317       0x34 ./Drivers/STM32F4xx_HAL_Driver/Src/stm32f4xx_hal_i2c_ex.o
 .ARM.attributes
                0x000000000000034b       0x34 ./Drivers/STM32F4xx_HAL_Driver/Src/stm32f4xx_hal_rcc.o
 .ARM.attributes
                0x000000000000037f       0x34 ./Drivers/STM32F4xx_HAL_Driver/Src/stm32f4xx_hal_uart.o
 .ARM.attributes
                0x00000000000003b3       0x34 c:/st/stm32cubeide_1.9.0/stm32cubeide/plugins/com.st.stm32cube.ide.mcu.externaltools.gnu-tools-for-stm32.10.3-2021.10.win32_1.0.0.202111181127/tools/bin/../lib/gcc/arm-none-eabi/10.3.1/../../../../arm-none-eabi/lib/thumb/v7e-m+fp/hard\libc_nano.a(lib_a-errno.o)
 .ARM.attributes
                0x00000000000003e7       0x34 c:/st/stm32cubeide_1.9.0/stm32cubeide/plugins/com.st.stm32cube.ide.mcu.externaltools.gnu-tools-for-stm32.10.3-2021.10.win32_1.0.0.202111181127/tools/bin/../lib/gcc/arm-none-eabi/10.3.1/../../../../arm-none-eabi/lib/thumb/v7e-m+fp/hard\libc_nano.a(lib_a-impure.o)
 .ARM.attributes
                0x000000000000041b       0x34 c:/st/stm32cubeide_1.9.0/stm32cubeide/plugins/com.st.stm32cube.ide.mcu.externaltools.gnu-tools-for-stm32.10.3-2021.10.win32_1.0.0.202111181127/tools/bin/../lib/gcc/arm-none-eabi/10.3.1/../../../../arm-none-eabi/lib/thumb/v7e-m+fp/hard\libc_nano.a(lib_a-init.o)
 .ARM.attributes
                0x000000000000044f       0x34 c:/st/stm32cubeide_1.9.0/stm32cubeide/plugins/com.st.stm32cube.ide.mcu.externaltools.gnu-tools-for-stm32.10.3-2021.10.win32_1.0.0.202111181127/tools/bin/../lib/gcc/arm-none-eabi/10.3.1/../../../../arm-none-eabi/lib/thumb/v7e-m+fp/hard\libc_nano.a(lib_a-itoa.o)
 .ARM.attributes
                0x0000000000000483       0x34 c:/st/stm32cubeide_1.9.0/stm32cubeide/plugins/com.st.stm32cube.ide.mcu.externaltools.gnu-tools-for-stm32.10.3-2021.10.win32_1.0.0.202111181127/tools/bin/../lib/gcc/arm-none-eabi/10.3.1/../../../../arm-none-eabi/lib/thumb/v7e-m+fp/hard\libc_nano.a(lib_a-memset.o)
 .ARM.attributes
                0x00000000000004b7       0x34 c:/st/stm32cubeide_1.9.0/stm32cubeide/plugins/com.st.stm32cube.ide.mcu.externaltools.gnu-tools-for-stm32.10.3-2021.10.win32_1.0.0.202111181127/tools/bin/../lib/gcc/arm-none-eabi/10.3.1/../../../../arm-none-eabi/lib/thumb/v7e-m+fp/hard\libc_nano.a(lib_a-puts.o)
 .ARM.attributes
                0x00000000000004eb       0x34 c:/st/stm32cubeide_1.9.0/stm32cubeide/plugins/com.st.stm32cube.ide.mcu.externaltools.gnu-tools-for-stm32.10.3-2021.10.win32_1.0.0.202111181127/tools/bin/../lib/gcc/arm-none-eabi/10.3.1/../../../../arm-none-eabi/lib/thumb/v7e-m+fp/hard\libc_nano.a(lib_a-utoa.o)
 .ARM.attributes
                0x000000000000051f       0x34 c:/st/stm32cubeide_1.9.0/stm32cubeide/plugins/com.st.stm32cube.ide.mcu.externaltools.gnu-tools-for-stm32.10.3-2021.10.win32_1.0.0.202111181127/tools/bin/../lib/gcc/arm-none-eabi/10.3.1/../../../../arm-none-eabi/lib/thumb/v7e-m+fp/hard\libc_nano.a(lib_a-wbuf.o)
 .ARM.attributes
                0x0000000000000553       0x34 c:/st/stm32cubeide_1.9.0/stm32cubeide/plugins/com.st.stm32cube.ide.mcu.externaltools.gnu-tools-for-stm32.10.3-2021.10.win32_1.0.0.202111181127/tools/bin/../lib/gcc/arm-none-eabi/10.3.1/../../../../arm-none-eabi/lib/thumb/v7e-m+fp/hard\libc_nano.a(lib_a-wsetup.o)
 .ARM.attributes
                0x0000000000000587       0x34 c:/st/stm32cubeide_1.9.0/stm32cubeide/plugins/com.st.stm32cube.ide.mcu.externaltools.gnu-tools-for-stm32.10.3-2021.10.win32_1.0.0.202111181127/tools/bin/../lib/gcc/arm-none-eabi/10.3.1/../../../../arm-none-eabi/lib/thumb/v7e-m+fp/hard\libc_nano.a(lib_a-fflush.o)
 .ARM.attributes
                0x00000000000005bb       0x34 c:/st/stm32cubeide_1.9.0/stm32cubeide/plugins/com.st.stm32cube.ide.mcu.externaltools.gnu-tools-for-stm32.10.3-2021.10.win32_1.0.0.202111181127/tools/bin/../lib/gcc/arm-none-eabi/10.3.1/../../../../arm-none-eabi/lib/thumb/v7e-m+fp/hard\libc_nano.a(lib_a-findfp.o)
 .ARM.attributes
                0x00000000000005ef       0x34 c:/st/stm32cubeide_1.9.0/stm32cubeide/plugins/com.st.stm32cube.ide.mcu.externaltools.gnu-tools-for-stm32.10.3-2021.10.win32_1.0.0.202111181127/tools/bin/../lib/gcc/arm-none-eabi/10.3.1/../../../../arm-none-eabi/lib/thumb/v7e-m+fp/hard\libc_nano.a(lib_a-fwalk.o)
 .ARM.attributes
                0x0000000000000623       0x34 c:/st/stm32cubeide_1.9.0/stm32cubeide/plugins/com.st.stm32cube.ide.mcu.externaltools.gnu-tools-for-stm32.10.3-2021.10.win32_1.0.0.202111181127/tools/bin/../lib/gcc/arm-none-eabi/10.3.1/../../../../arm-none-eabi/lib/thumb/v7e-m+fp/hard\libc_nano.a(lib_a-lock.o)
 .ARM.attributes
                0x0000000000000657       0x34 c:/st/stm32cubeide_1.9.0/stm32cubeide/plugins/com.st.stm32cube.ide.mcu.externaltools.gnu-tools-for-stm32.10.3-2021.10.win32_1.0.0.202111181127/tools/bin/../lib/gcc/arm-none-eabi/10.3.1/../../../../arm-none-eabi/lib/thumb/v7e-m+fp/hard\libc_nano.a(lib_a-makebuf.o)
 .ARM.attributes
                0x000000000000068b       0x34 c:/st/stm32cubeide_1.9.0/stm32cubeide/plugins/com.st.stm32cube.ide.mcu.externaltools.gnu-tools-for-stm32.10.3-2021.10.win32_1.0.0.202111181127/tools/bin/../lib/gcc/arm-none-eabi/10.3.1/../../../../arm-none-eabi/lib/thumb/v7e-m+fp/hard\libc_nano.a(lib_a-nano-freer.o)
 .ARM.attributes
                0x00000000000006bf       0x34 c:/st/stm32cubeide_1.9.0/stm32cubeide/plugins/com.st.stm32cube.ide.mcu.externaltools.gnu-tools-for-stm32.10.3-2021.10.win32_1.0.0.202111181127/tools/bin/../lib/gcc/arm-none-eabi/10.3.1/../../../../arm-none-eabi/lib/thumb/v7e-m+fp/hard\libc_nano.a(lib_a-nano-mallocr.o)
 .ARM.attributes
                0x00000000000006f3       0x34 c:/st/stm32cubeide_1.9.0/stm32cubeide/plugins/com.st.stm32cube.ide.mcu.externaltools.gnu-tools-for-stm32.10.3-2021.10.win32_1.0.0.202111181127/tools/bin/../lib/gcc/arm-none-eabi/10.3.1/../../../../arm-none-eabi/lib/thumb/v7e-m+fp/hard\libc_nano.a(lib_a-sbrkr.o)
 .ARM.attributes
                0x0000000000000727       0x34 c:/st/stm32cubeide_1.9.0/stm32cubeide/plugins/com.st.stm32cube.ide.mcu.externaltools.gnu-tools-for-stm32.10.3-2021.10.win32_1.0.0.202111181127/tools/bin/../lib/gcc/arm-none-eabi/10.3.1/../../../../arm-none-eabi/lib/thumb/v7e-m+fp/hard\libc_nano.a(lib_a-stdio.o)
 .ARM.attributes
                0x000000000000075b       0x34 c:/st/stm32cubeide_1.9.0/stm32cubeide/plugins/com.st.stm32cube.ide.mcu.externaltools.gnu-tools-for-stm32.10.3-2021.10.win32_1.0.0.202111181127/tools/bin/../lib/gcc/arm-none-eabi/10.3.1/../../../../arm-none-eabi/lib/thumb/v7e-m+fp/hard\libc_nano.a(lib_a-writer.o)
 .ARM.attributes
                0x000000000000078f       0x34 c:/st/stm32cubeide_1.9.0/stm32cubeide/plugins/com.st.stm32cube.ide.mcu.externaltools.gnu-tools-for-stm32.10.3-2021.10.win32_1.0.0.202111181127/tools/bin/../lib/gcc/arm-none-eabi/10.3.1/../../../../arm-none-eabi/lib/thumb/v7e-m+fp/hard\libc_nano.a(lib_a-closer.o)
 .ARM.attributes
                0x00000000000007c3       0x34 c:/st/stm32cubeide_1.9.0/stm32cubeide/plugins/com.st.stm32cube.ide.mcu.externaltools.gnu-tools-for-stm32.10.3-2021.10.win32_1.0.0.202111181127/tools/bin/../lib/gcc/arm-none-eabi/10.3.1/../../../../arm-none-eabi/lib/thumb/v7e-m+fp/hard\libc_nano.a(lib_a-fstatr.o)
 .ARM.attributes
                0x00000000000007f7       0x34 c:/st/stm32cubeide_1.9.0/stm32cubeide/plugins/com.st.stm32cube.ide.mcu.externaltools.gnu-tools-for-stm32.10.3-2021.10.win32_1.0.0.202111181127/tools/bin/../lib/gcc/arm-none-eabi/10.3.1/../../../../arm-none-eabi/lib/thumb/v7e-m+fp/hard\libc_nano.a(lib_a-isattyr.o)
 .ARM.attributes
                0x000000000000082b       0x34 c:/st/stm32cubeide_1.9.0/stm32cubeide/plugins/com.st.stm32cube.ide.mcu.externaltools.gnu-tools-for-stm32.10.3-2021.10.win32_1.0.0.202111181127/tools/bin/../lib/gcc/arm-none-eabi/10.3.1/../../../../arm-none-eabi/lib/thumb/v7e-m+fp/hard\libc_nano.a(lib_a-lseekr.o)
 .ARM.attributes
                0x000000000000085f       0x34 c:/st/stm32cubeide_1.9.0/stm32cubeide/plugins/com.st.stm32cube.ide.mcu.externaltools.gnu-tools-for-stm32.10.3-2021.10.win32_1.0.0.202111181127/tools/bin/../lib/gcc/arm-none-eabi/10.3.1/../../../../arm-none-eabi/lib/thumb/v7e-m+fp/hard\libc_nano.a(lib_a-mlock.o)
 .ARM.attributes
                0x0000000000000893       0x34 c:/st/stm32cubeide_1.9.0/stm32cubeide/plugins/com.st.stm32cube.ide.mcu.externaltools.gnu-tools-for-stm32.10.3-2021.10.win32_1.0.0.202111181127/tools/bin/../lib/gcc/arm-none-eabi/10.3.1/../../../../arm-none-eabi/lib/thumb/v7e-m+fp/hard\libc_nano.a(lib_a-readr.o)
 .ARM.attributes
                0x00000000000008c7       0x34 c:/st/stm32cubeide_1.9.0/stm32cubeide/plugins/com.st.stm32cube.ide.mcu.externaltools.gnu-tools-for-stm32.10.3-2021.10.win32_1.0.0.202111181127/tools/bin/../lib/gcc/arm-none-eabi/10.3.1/../../../../arm-none-eabi/lib/thumb/v7e-m+fp/hard\libc_nano.a(lib_a-reent.o)
 .ARM.attributes
                0x00000000000008fb       0x1e c:/st/stm32cubeide_1.9.0/stm32cubeide/plugins/com.st.stm32cube.ide.mcu.externaltools.gnu-tools-for-stm32.10.3-2021.10.win32_1.0.0.202111181127/tools/bin/../lib/gcc/arm-none-eabi/10.3.1/thumb/v7e-m+fp/hard\libgcc.a(_aeabi_uldivmod.o)
 .ARM.attributes
                0x0000000000000919       0x34 c:/st/stm32cubeide_1.9.0/stm32cubeide/plugins/com.st.stm32cube.ide.mcu.externaltools.gnu-tools-for-stm32.10.3-2021.10.win32_1.0.0.202111181127/tools/bin/../lib/gcc/arm-none-eabi/10.3.1/thumb/v7e-m+fp/hard\libgcc.a(_udivmoddi4.o)
 .ARM.attributes
                0x000000000000094d       0x1e c:/st/stm32cubeide_1.9.0/stm32cubeide/plugins/com.st.stm32cube.ide.mcu.externaltools.gnu-tools-for-stm32.10.3-2021.10.win32_1.0.0.202111181127/tools/bin/../lib/gcc/arm-none-eabi/10.3.1/thumb/v7e-m+fp/hard\libgcc.a(_dvmd_tls.o)
 .ARM.attributes
                0x000000000000096b       0x1e c:/st/stm32cubeide_1.9.0/stm32cubeide/plugins/com.st.stm32cube.ide.mcu.externaltools.gnu-tools-for-stm32.10.3-2021.10.win32_1.0.0.202111181127/tools/bin/../lib/gcc/arm-none-eabi/10.3.1/thumb/v7e-m+fp/hard/crtn.o
OUTPUT(driver_PCF8574.elf elf32-littlearm)
LOAD linker stubs
LOAD c:/st/stm32cubeide_1.9.0/stm32cubeide/plugins/com.st.stm32cube.ide.mcu.externaltools.gnu-tools-for-stm32.10.3-2021.10.win32_1.0.0.202111181127/tools/bin/../lib/gcc/arm-none-eabi/10.3.1/../../../../arm-none-eabi/lib/thumb/v7e-m+fp/hard\libc.a
LOAD c:/st/stm32cubeide_1.9.0/stm32cubeide/plugins/com.st.stm32cube.ide.mcu.externaltools.gnu-tools-for-stm32.10.3-2021.10.win32_1.0.0.202111181127/tools/bin/../lib/gcc/arm-none-eabi/10.3.1/../../../../arm-none-eabi/lib/thumb/v7e-m+fp/hard\libm.a
LOAD c:/st/stm32cubeide_1.9.0/stm32cubeide/plugins/com.st.stm32cube.ide.mcu.externaltools.gnu-tools-for-stm32.10.3-2021.10.win32_1.0.0.202111181127/tools/bin/../lib/gcc/arm-none-eabi/10.3.1/thumb/v7e-m+fp/hard\libgcc.a

.debug_info     0x0000000000000000     0xc560
 .debug_info    0x0000000000000000      0x35e ./Core/Src/aplicacion.o
 .debug_info    0x000000000000035e     0x104e ./Core/Src/main_ProtCom.o
 .debug_info    0x00000000000013ac      0xcd9 ./Core/Src/stm32f4xx_hal_msp.o
 .debug_info    0x0000000000002085      0x128 ./Core/Src/stm32f4xx_it.o
 .debug_info    0x00000000000021ad      0x6e0 ./Core/Src/syscalls.o
 .debug_info    0x000000000000288d      0x171 ./Core/Src/sysmem.o
 .debug_info    0x00000000000029fe      0x53f ./Core/Src/system_stm32f4xx.o
 .debug_info    0x0000000000002f3d       0x22 ./Core/Startup/startup_stm32f429zitx.o
 .debug_info    0x0000000000002f5f      0x509 ./Drivers/PCF8574/Src/PCF8574.o
 .debug_info    0x0000000000003468      0x922 ./Drivers/PCF8574/Src/PCF8574_Nucleo144_port.o
 .debug_info    0x0000000000003d8a      0x9f4 ./Drivers/STM32F4xx_HAL_Driver/Src/stm32f4xx_hal.o
 .debug_info    0x000000000000477e      0xe51 ./Drivers/STM32F4xx_HAL_Driver/Src/stm32f4xx_hal_cortex.o
 .debug_info    0x00000000000055cf      0x786 ./Drivers/STM32F4xx_HAL_Driver/Src/stm32f4xx_hal_gpio.o
 .debug_info    0x0000000000005d55     0x2617 ./Drivers/STM32F4xx_HAL_Driver/Src/stm32f4xx_hal_i2c.o
 .debug_info    0x000000000000836c      0x6b6 ./Drivers/STM32F4xx_HAL_Driver/Src/stm32f4xx_hal_i2c_ex.o
 .debug_info    0x0000000000008a22      0x982 ./Drivers/STM32F4xx_HAL_Driver/Src/stm32f4xx_hal_rcc.o
 .debug_info    0x00000000000093a4     0x31bc ./Drivers/STM32F4xx_HAL_Driver/Src/stm32f4xx_hal_uart.o

.debug_abbrev   0x0000000000000000     0x1d3e
 .debug_abbrev  0x0000000000000000      0x13a ./Core/Src/aplicacion.o
 .debug_abbrev  0x000000000000013a      0x299 ./Core/Src/main_ProtCom.o
 .debug_abbrev  0x00000000000003d3      0x19b ./Core/Src/stm32f4xx_hal_msp.o
 .debug_abbrev  0x000000000000056e       0x74 ./Core/Src/stm32f4xx_it.o
 .debug_abbrev  0x00000000000005e2      0x1b3 ./Core/Src/syscalls.o
 .debug_abbrev  0x0000000000000795       0xbb ./Core/Src/sysmem.o
 .debug_abbrev  0x0000000000000850      0x116 ./Core/Src/system_stm32f4xx.o
 .debug_abbrev  0x0000000000000966       0x12 ./Core/Startup/startup_stm32f429zitx.o
 .debug_abbrev  0x0000000000000978      0x180 ./Drivers/PCF8574/Src/PCF8574.o
 .debug_abbrev  0x0000000000000af8      0x1de ./Drivers/PCF8574/Src/PCF8574_Nucleo144_port.o
 .debug_abbrev  0x0000000000000cd6      0x20d ./Drivers/STM32F4xx_HAL_Driver/Src/stm32f4xx_hal.o
 .debug_abbrev  0x0000000000000ee3      0x316 ./Drivers/STM32F4xx_HAL_Driver/Src/stm32f4xx_hal_cortex.o
 .debug_abbrev  0x00000000000011f9      0x1c4 ./Drivers/STM32F4xx_HAL_Driver/Src/stm32f4xx_hal_gpio.o
 .debug_abbrev  0x00000000000013bd      0x297 ./Drivers/STM32F4xx_HAL_Driver/Src/stm32f4xx_hal_i2c.o
 .debug_abbrev  0x0000000000001654      0x14c ./Drivers/STM32F4xx_HAL_Driver/Src/stm32f4xx_hal_i2c_ex.o
 .debug_abbrev  0x00000000000017a0      0x2aa ./Drivers/STM32F4xx_HAL_Driver/Src/stm32f4xx_hal_rcc.o
 .debug_abbrev  0x0000000000001a4a      0x2f4 ./Drivers/STM32F4xx_HAL_Driver/Src/stm32f4xx_hal_uart.o

.debug_aranges  0x0000000000000000      0xb50
 .debug_aranges
                0x0000000000000000       0x58 ./Core/Src/aplicacion.o
 .debug_aranges
                0x0000000000000058       0x50 ./Core/Src/main_ProtCom.o
 .debug_aranges
                0x00000000000000a8       0x40 ./Core/Src/stm32f4xx_hal_msp.o
 .debug_aranges
                0x00000000000000e8       0x60 ./Core/Src/stm32f4xx_it.o
 .debug_aranges
                0x0000000000000148       0xa8 ./Core/Src/syscalls.o
 .debug_aranges
                0x00000000000001f0       0x20 ./Core/Src/sysmem.o
 .debug_aranges
                0x0000000000000210       0x28 ./Core/Src/system_stm32f4xx.o
 .debug_aranges
                0x0000000000000238       0x28 ./Core/Startup/startup_stm32f429zitx.o
 .debug_aranges
                0x0000000000000260       0xf8 ./Drivers/PCF8574/Src/PCF8574.o
 .debug_aranges
                0x0000000000000358       0x38 ./Drivers/PCF8574/Src/PCF8574_Nucleo144_port.o
 .debug_aranges
                0x0000000000000390      0x100 ./Drivers/STM32F4xx_HAL_Driver/Src/stm32f4xx_hal.o
 .debug_aranges
                0x0000000000000490      0x118 ./Drivers/STM32F4xx_HAL_Driver/Src/stm32f4xx_hal_cortex.o
 .debug_aranges
                0x00000000000005a8       0x58 ./Drivers/STM32F4xx_HAL_Driver/Src/stm32f4xx_hal_gpio.o
 .debug_aranges
                0x0000000000000600      0x2a0 ./Drivers/STM32F4xx_HAL_Driver/Src/stm32f4xx_hal_i2c.o
 .debug_aranges
                0x00000000000008a0       0x28 ./Drivers/STM32F4xx_HAL_Driver/Src/stm32f4xx_hal_i2c_ex.o
 .debug_aranges
                0x00000000000008c8       0x88 ./Drivers/STM32F4xx_HAL_Driver/Src/stm32f4xx_hal_rcc.o
 .debug_aranges
                0x0000000000000950      0x200 ./Drivers/STM32F4xx_HAL_Driver/Src/stm32f4xx_hal_uart.o

.debug_ranges   0x0000000000000000      0xa90
 .debug_ranges  0x0000000000000000       0x48 ./Core/Src/aplicacion.o
 .debug_ranges  0x0000000000000048       0x40 ./Core/Src/main_ProtCom.o
 .debug_ranges  0x0000000000000088       0x30 ./Core/Src/stm32f4xx_hal_msp.o
 .debug_ranges  0x00000000000000b8       0x50 ./Core/Src/stm32f4xx_it.o
 .debug_ranges  0x0000000000000108       0x98 ./Core/Src/syscalls.o
 .debug_ranges  0x00000000000001a0       0x10 ./Core/Src/sysmem.o
 .debug_ranges  0x00000000000001b0       0x18 ./Core/Src/system_stm32f4xx.o
 .debug_ranges  0x00000000000001c8       0x20 ./Core/Startup/startup_stm32f429zitx.o
 .debug_ranges  0x00000000000001e8       0xe8 ./Drivers/PCF8574/Src/PCF8574.o
 .debug_ranges  0x00000000000002d0       0x28 ./Drivers/PCF8574/Src/PCF8574_Nucleo144_port.o
 .debug_ranges  0x00000000000002f8       0xf0 ./Drivers/STM32F4xx_HAL_Driver/Src/stm32f4xx_hal.o
 .debug_ranges  0x00000000000003e8      0x108 ./Drivers/STM32F4xx_HAL_Driver/Src/stm32f4xx_hal_cortex.o
 .debug_ranges  0x00000000000004f0       0x48 ./Drivers/STM32F4xx_HAL_Driver/Src/stm32f4xx_hal_gpio.o
 .debug_ranges  0x0000000000000538      0x2a8 ./Drivers/STM32F4xx_HAL_Driver/Src/stm32f4xx_hal_i2c.o
 .debug_ranges  0x00000000000007e0       0x18 ./Drivers/STM32F4xx_HAL_Driver/Src/stm32f4xx_hal_i2c_ex.o
 .debug_ranges  0x00000000000007f8       0x78 ./Drivers/STM32F4xx_HAL_Driver/Src/stm32f4xx_hal_rcc.o
 .debug_ranges  0x0000000000000870      0x220 ./Drivers/STM32F4xx_HAL_Driver/Src/stm32f4xx_hal_uart.o

.debug_macro    0x0000000000000000    0x24b2d
 .debug_macro   0x0000000000000000      0x37f ./Core/Src/aplicacion.o
 .debug_macro   0x000000000000037f      0xa78 ./Core/Src/aplicacion.o
 .debug_macro   0x0000000000000df7      0x29b ./Core/Src/aplicacion.o
 .debug_macro   0x0000000000001092       0x2e ./Core/Src/aplicacion.o
 .debug_macro   0x00000000000010c0       0x28 ./Core/Src/aplicacion.o
 .debug_macro   0x00000000000010e8       0x22 ./Core/Src/aplicacion.o
 .debug_macro   0x000000000000110a       0x8e ./Core/Src/aplicacion.o
 .debug_macro   0x0000000000001198       0x51 ./Core/Src/aplicacion.o
 .debug_macro   0x00000000000011e9      0x103 ./Core/Src/aplicacion.o
 .debug_macro   0x00000000000012ec       0x6a ./Core/Src/aplicacion.o
 .debug_macro   0x0000000000001356      0x1df ./Core/Src/aplicacion.o
 .debug_macro   0x0000000000001535       0x1c ./Core/Src/aplicacion.o
 .debug_macro   0x0000000000001551       0x22 ./Core/Src/aplicacion.o
 .debug_macro   0x0000000000001573       0xd9 ./Core/Src/aplicacion.o
 .debug_macro   0x000000000000164c     0x102d ./Core/Src/aplicacion.o
 .debug_macro   0x0000000000002679      0x11f ./Core/Src/aplicacion.o
 .debug_macro   0x0000000000002798    0x17fc0 ./Core/Src/aplicacion.o
 .debug_macro   0x000000000001a758       0x6d ./Core/Src/aplicacion.o
 .debug_macro   0x000000000001a7c5     0x36f5 ./Core/Src/aplicacion.o
 .debug_macro   0x000000000001deba      0x174 ./Core/Src/aplicacion.o
 .debug_macro   0x000000000001e02e       0x5c ./Core/Src/aplicacion.o
 .debug_macro   0x000000000001e08a      0xca5 ./Core/Src/aplicacion.o
 .debug_macro   0x000000000001ed2f      0x9fe ./Core/Src/aplicacion.o
 .debug_macro   0x000000000001f72d      0x115 ./Core/Src/aplicacion.o
 .debug_macro   0x000000000001f842      0x156 ./Core/Src/aplicacion.o
 .debug_macro   0x000000000001f998       0xa5 ./Core/Src/aplicacion.o
 .debug_macro   0x000000000001fa3d      0x182 ./Core/Src/aplicacion.o
 .debug_macro   0x000000000001fbbf      0x287 ./Core/Src/aplicacion.o
 .debug_macro   0x000000000001fe46       0x5f ./Core/Src/aplicacion.o
 .debug_macro   0x000000000001fea5      0x236 ./Core/Src/aplicacion.o
 .debug_macro   0x00000000000200db      0x132 ./Core/Src/aplicacion.o
 .debug_macro   0x000000000002020d      0x41d ./Core/Src/aplicacion.o
 .debug_macro   0x000000000002062a       0x2e ./Core/Src/aplicacion.o
 .debug_macro   0x0000000000020658      0x1b5 ./Core/Src/aplicacion.o
 .debug_macro   0x000000000002080d       0x22 ./Core/Src/aplicacion.o
 .debug_macro   0x000000000002082f       0xd6 ./Core/Src/aplicacion.o
 .debug_macro   0x0000000000020905      0x11a ./Core/Src/aplicacion.o
 .debug_macro   0x0000000000020a1f       0xe2 ./Core/Src/aplicacion.o
 .debug_macro   0x0000000000020b01       0x89 ./Core/Src/aplicacion.o
 .debug_macro   0x0000000000020b8a      0x295 ./Core/Src/aplicacion.o
 .debug_macro   0x0000000000020e1f      0x134 ./Core/Src/aplicacion.o
 .debug_macro   0x0000000000020f53       0xd0 ./Core/Src/aplicacion.o
 .debug_macro   0x0000000000021023       0x52 ./Core/Src/aplicacion.o
 .debug_macro   0x0000000000021075       0x1e ./Core/Src/aplicacion.o
 .debug_macro   0x0000000000021093       0x3c ./Core/Src/aplicacion.o
 .debug_macro   0x00000000000210cf       0x34 ./Core/Src/aplicacion.o
 .debug_macro   0x0000000000021103       0x16 ./Core/Src/aplicacion.o
 .debug_macro   0x0000000000021119       0x35 ./Core/Src/aplicacion.o
 .debug_macro   0x000000000002114e      0x341 ./Core/Src/aplicacion.o
 .debug_macro   0x000000000002148f       0x10 ./Core/Src/aplicacion.o
 .debug_macro   0x000000000002149f       0x16 ./Core/Src/aplicacion.o
 .debug_macro   0x00000000000214b5       0x43 ./Core/Src/aplicacion.o
 .debug_macro   0x00000000000214f8       0x34 ./Core/Src/aplicacion.o
 .debug_macro   0x000000000002152c       0x10 ./Core/Src/aplicacion.o
 .debug_macro   0x000000000002153c       0x58 ./Core/Src/aplicacion.o
 .debug_macro   0x0000000000021594       0x71 ./Core/Src/aplicacion.o
 .debug_macro   0x0000000000021605       0x1c ./Core/Src/aplicacion.o
 .debug_macro   0x0000000000021621      0x12a ./Core/Src/aplicacion.o
 .debug_macro   0x000000000002174b       0x10 ./Core/Src/aplicacion.o
 .debug_macro   0x000000000002175b       0x1c ./Core/Src/aplicacion.o
 .debug_macro   0x0000000000021777       0x52 ./Core/Src/aplicacion.o
 .debug_macro   0x00000000000217c9       0x22 ./Core/Src/aplicacion.o
 .debug_macro   0x00000000000217eb       0x10 ./Core/Src/aplicacion.o
 .debug_macro   0x00000000000217fb       0x52 ./Core/Src/aplicacion.o
 .debug_macro   0x000000000002184d       0xd5 ./Core/Src/aplicacion.o
 .debug_macro   0x0000000000021922       0x1c ./Core/Src/aplicacion.o
 .debug_macro   0x000000000002193e       0x3d ./Core/Src/aplicacion.o
 .debug_macro   0x000000000002197b       0x16 ./Core/Src/aplicacion.o
 .debug_macro   0x0000000000021991      0x145 ./Core/Src/aplicacion.o
 .debug_macro   0x0000000000021ad6       0x16 ./Core/Src/aplicacion.o
 .debug_macro   0x0000000000021aec       0x16 ./Core/Src/aplicacion.o
 .debug_macro   0x0000000000021b02       0x29 ./Core/Src/aplicacion.o
 .debug_macro   0x0000000000021b2b      0x388 ./Core/Src/main_ProtCom.o
 .debug_macro   0x0000000000021eb3       0x1c ./Core/Src/main_ProtCom.o
 .debug_macro   0x0000000000021ecf      0x130 ./Core/Src/main_ProtCom.o
 .debug_macro   0x0000000000021fff       0xd6 ./Core/Src/main_ProtCom.o
 .debug_macro   0x00000000000220d5      0x36f ./Core/Src/stm32f4xx_hal_msp.o
 .debug_macro   0x0000000000022444      0x379 ./Core/Src/stm32f4xx_it.o
 .debug_macro   0x00000000000227bd      0x24c ./Core/Src/syscalls.o
 .debug_macro   0x0000000000022a09       0x4c ./Core/Src/syscalls.o
 .debug_macro   0x0000000000022a55       0x94 ./Core/Src/syscalls.o
 .debug_macro   0x0000000000022ae9       0x57 ./Core/Src/syscalls.o
 .debug_macro   0x0000000000022b40       0x10 ./Core/Src/syscalls.o
 .debug_macro   0x0000000000022b50       0x10 ./Core/Src/syscalls.o
 .debug_macro   0x0000000000022b60       0x10 ./Core/Src/syscalls.o
 .debug_macro   0x0000000000022b70       0x35 ./Core/Src/syscalls.o
 .debug_macro   0x0000000000022ba5      0x12c ./Core/Src/syscalls.o
 .debug_macro   0x0000000000022cd1       0x10 ./Core/Src/syscalls.o
 .debug_macro   0x0000000000022ce1      0x241 ./Core/Src/syscalls.o
 .debug_macro   0x0000000000022f22       0x10 ./Core/Src/syscalls.o
 .debug_macro   0x0000000000022f32      0x189 ./Core/Src/syscalls.o
 .debug_macro   0x00000000000230bb       0x16 ./Core/Src/syscalls.o
 .debug_macro   0x00000000000230d1       0xce ./Core/Src/syscalls.o
 .debug_macro   0x000000000002319f       0xff ./Core/Src/sysmem.o
 .debug_macro   0x000000000002329e      0x23b ./Core/Src/sysmem.o
 .debug_macro   0x00000000000234d9      0x1d3 ./Core/Src/system_stm32f4xx.o
 .debug_macro   0x00000000000236ac      0x375 ./Drivers/PCF8574/Src/PCF8574.o
 .debug_macro   0x0000000000023a21      0x375 ./Drivers/PCF8574/Src/PCF8574_Nucleo144_port.o
 .debug_macro   0x0000000000023d96      0x233 ./Drivers/STM32F4xx_HAL_Driver/Src/stm32f4xx_hal.o
 .debug_macro   0x0000000000023fc9      0x1d3 ./Drivers/STM32F4xx_HAL_Driver/Src/stm32f4xx_hal_cortex.o
 .debug_macro   0x000000000002419c      0x1d9 ./Drivers/STM32F4xx_HAL_Driver/Src/stm32f4xx_hal_gpio.o
 .debug_macro   0x0000000000024375      0x21a ./Drivers/STM32F4xx_HAL_Driver/Src/stm32f4xx_hal_i2c.o
 .debug_macro   0x000000000002458f      0x1d3 ./Drivers/STM32F4xx_HAL_Driver/Src/stm32f4xx_hal_i2c_ex.o
 .debug_macro   0x0000000000024762      0x1f7 ./Drivers/STM32F4xx_HAL_Driver/Src/stm32f4xx_hal_rcc.o
 .debug_macro   0x0000000000024959      0x1d4 ./Drivers/STM32F4xx_HAL_Driver/Src/stm32f4xx_hal_uart.o

.debug_line     0x0000000000000000     0xeb94
 .debug_line    0x0000000000000000      0xaa4 ./Core/Src/aplicacion.o
 .debug_line    0x0000000000000aa4      0xabb ./Core/Src/main_ProtCom.o
 .debug_line    0x000000000000155f      0x953 ./Core/Src/stm32f4xx_hal_msp.o
 .debug_line    0x0000000000001eb2      0x97b ./Core/Src/stm32f4xx_it.o
 .debug_line    0x000000000000282d      0x7ef ./Core/Src/syscalls.o
 .debug_line    0x000000000000301c      0x4e5 ./Core/Src/sysmem.o
 .debug_line    0x0000000000003501      0x739 ./Core/Src/system_stm32f4xx.o
 .debug_line    0x0000000000003c3a       0x88 ./Core/Startup/startup_stm32f429zitx.o
 .debug_line    0x0000000000003cc2      0xc2a ./Drivers/PCF8574/Src/PCF8574.o
 .debug_line    0x00000000000048ec      0x965 ./Drivers/PCF8574/Src/PCF8574_Nucleo144_port.o
 .debug_line    0x0000000000005251      0x9d5 ./Drivers/STM32F4xx_HAL_Driver/Src/stm32f4xx_hal.o
 .debug_line    0x0000000000005c26      0xc4e ./Drivers/STM32F4xx_HAL_Driver/Src/stm32f4xx_hal_cortex.o
 .debug_line    0x0000000000006874      0xb3b ./Drivers/STM32F4xx_HAL_Driver/Src/stm32f4xx_hal_gpio.o
 .debug_line    0x00000000000073af     0x3954 ./Drivers/STM32F4xx_HAL_Driver/Src/stm32f4xx_hal_i2c.o
 .debug_line    0x000000000000ad03      0x732 ./Drivers/STM32F4xx_HAL_Driver/Src/stm32f4xx_hal_i2c_ex.o
 .debug_line    0x000000000000b435      0xd1b ./Drivers/STM32F4xx_HAL_Driver/Src/stm32f4xx_hal_rcc.o
 .debug_line    0x000000000000c150     0x2a44 ./Drivers/STM32F4xx_HAL_Driver/Src/stm32f4xx_hal_uart.o

.debug_str      0x0000000000000000    0xd5f20
 .debug_str     0x0000000000000000    0xd0fce ./Core/Src/aplicacion.o
                                      0xd1270 (size before relaxing)
 .debug_str     0x00000000000d0fce      0xfa2 ./Core/Src/main_ProtCom.o
                                      0xd211f (size before relaxing)
 .debug_str     0x00000000000d1f70       0x8d ./Core/Src/stm32f4xx_hal_msp.o
                                      0xd1b71 (size before relaxing)
 .debug_str     0x00000000000d1ffd       0xc9 ./Core/Src/stm32f4xx_it.o
                                      0xd1350 (size before relaxing)
 .debug_str     0x00000000000d20c6     0x166e ./Core/Src/syscalls.o
                                       0x8aa3 (size before relaxing)
 .debug_str     0x00000000000d3734       0x6b ./Core/Src/sysmem.o
                                       0x5ddf (size before relaxing)
 .debug_str     0x00000000000d379f       0xdb ./Core/Src/system_stm32f4xx.o
                                      0xcd190 (size before relaxing)
 .debug_str     0x00000000000d387a       0x36 ./Core/Startup/startup_stm32f429zitx.o
                                         0xaf (size before relaxing)
 .debug_str     0x00000000000d38b0      0x225 ./Drivers/PCF8574/Src/PCF8574.o
                                      0xd13a4 (size before relaxing)
 .debug_str     0x00000000000d3ad5      0x106 ./Drivers/PCF8574/Src/PCF8574_Nucleo144_port.o
                                      0xd175c (size before relaxing)
 .debug_str     0x00000000000d3bdb      0xb9c ./Drivers/STM32F4xx_HAL_Driver/Src/stm32f4xx_hal.o
                                      0xcddb3 (size before relaxing)
 .debug_str     0x00000000000d4777      0x34d ./Drivers/STM32F4xx_HAL_Driver/Src/stm32f4xx_hal_cortex.o
                                      0xcda98 (size before relaxing)
 .debug_str     0x00000000000d4ac4      0x121 ./Drivers/STM32F4xx_HAL_Driver/Src/stm32f4xx_hal_gpio.o
                                      0xcd30b (size before relaxing)
 .debug_str     0x00000000000d4be5      0xafd ./Drivers/STM32F4xx_HAL_Driver/Src/stm32f4xx_hal_i2c.o
                                      0xce14d (size before relaxing)
 .debug_str     0x00000000000d56e2       0x3b ./Drivers/STM32F4xx_HAL_Driver/Src/stm32f4xx_hal_i2c_ex.o
                                      0xcd55f (size before relaxing)
 .debug_str     0x00000000000d571d      0x213 ./Drivers/STM32F4xx_HAL_Driver/Src/stm32f4xx_hal_rcc.o
                                      0xcd5c4 (size before relaxing)
 .debug_str     0x00000000000d5930      0x5f0 ./Drivers/STM32F4xx_HAL_Driver/Src/stm32f4xx_hal_uart.o
                                      0xcdb50 (size before relaxing)

.comment        0x0000000000000000       0x50
 .comment       0x0000000000000000       0x50 ./Core/Src/aplicacion.o
                                         0x51 (size before relaxing)
 .comment       0x0000000000000050       0x51 ./Core/Src/main_ProtCom.o
 .comment       0x0000000000000050       0x51 ./Core/Src/stm32f4xx_hal_msp.o
 .comment       0x0000000000000050       0x51 ./Core/Src/stm32f4xx_it.o
 .comment       0x0000000000000050       0x51 ./Core/Src/syscalls.o
 .comment       0x0000000000000050       0x51 ./Core/Src/sysmem.o
 .comment       0x0000000000000050       0x51 ./Core/Src/system_stm32f4xx.o
 .comment       0x0000000000000050       0x51 ./Drivers/PCF8574/Src/PCF8574.o
 .comment       0x0000000000000050       0x51 ./Drivers/PCF8574/Src/PCF8574_Nucleo144_port.o
 .comment       0x0000000000000050       0x51 ./Drivers/STM32F4xx_HAL_Driver/Src/stm32f4xx_hal.o
 .comment       0x0000000000000050       0x51 ./Drivers/STM32F4xx_HAL_Driver/Src/stm32f4xx_hal_cortex.o
 .comment       0x0000000000000050       0x51 ./Drivers/STM32F4xx_HAL_Driver/Src/stm32f4xx_hal_gpio.o
 .comment       0x0000000000000050       0x51 ./Drivers/STM32F4xx_HAL_Driver/Src/stm32f4xx_hal_i2c.o
 .comment       0x0000000000000050       0x51 ./Drivers/STM32F4xx_HAL_Driver/Src/stm32f4xx_hal_i2c_ex.o
 .comment       0x0000000000000050       0x51 ./Drivers/STM32F4xx_HAL_Driver/Src/stm32f4xx_hal_rcc.o
 .comment       0x0000000000000050       0x51 ./Drivers/STM32F4xx_HAL_Driver/Src/stm32f4xx_hal_uart.o

.debug_frame    0x0000000000000000     0x3464
 .debug_frame   0x0000000000000000      0x118 ./Core/Src/aplicacion.o
 .debug_frame   0x0000000000000118       0xec ./Core/Src/main_ProtCom.o
 .debug_frame   0x0000000000000204       0xc8 ./Core/Src/stm32f4xx_hal_msp.o
 .debug_frame   0x00000000000002cc      0x104 ./Core/Src/stm32f4xx_it.o
 .debug_frame   0x00000000000003d0      0x2ac ./Core/Src/syscalls.o
 .debug_frame   0x000000000000067c       0x34 ./Core/Src/sysmem.o
 .debug_frame   0x00000000000006b0       0x58 ./Core/Src/system_stm32f4xx.o
 .debug_frame   0x0000000000000708      0x384 ./Drivers/PCF8574/Src/PCF8574.o
 .debug_frame   0x0000000000000a8c       0xa0 ./Drivers/PCF8574/Src/PCF8574_Nucleo144_port.o
 .debug_frame   0x0000000000000b2c      0x3b4 ./Drivers/STM32F4xx_HAL_Driver/Src/stm32f4xx_hal.o
 .debug_frame   0x0000000000000ee0      0x498 ./Drivers/STM32F4xx_HAL_Driver/Src/stm32f4xx_hal_cortex.o
 .debug_frame   0x0000000000001378      0x14c ./Drivers/STM32F4xx_HAL_Driver/Src/stm32f4xx_hal_gpio.o