10:05:14 **** Incremental Build of configuration Debug for project TP_PdM_Emma ****
make -j4 all 
arm-none-eabi-gcc "../Drivers/API/src/API_adc.c" -mcpu=cortex-m4 -std=gnu11 -g3 -DDEBUG -DSTM32 -DSTM32F429ZITx -DSTM32F4 -DNUCLEO_F429ZI -DUSE_HAL_DRIVER -DSTM32F429xx -c -I../Inc -I"C:/Users/Win10/Desktop/RepoPdM_Jordan/PdM_workspace/TP_PdM_Emma/Drivers/STM32F4xx_HAL_Driver" -I"C:/Users/Win10/Desktop/RepoPdM_Jordan/PdM_workspace/TP_PdM_Emma/Drivers/STM32F4xx_HAL_Driver/Inc" -I"C:/Users/Win10/Desktop/RepoPdM_Jordan/PdM_workspace/TP_PdM_Emma/Drivers/STM32F4xx_HAL_Driver/Src" -I"C:/Users/Win10/Desktop/RepoPdM_Jordan/PdM_workspace/TP_PdM_Emma/Drivers/CMSIS/Include" -I"C:/Users/Win10/Desktop/RepoPdM_Jordan/PdM_workspace/TP_PdM_Emma/Drivers/CMSIS/Device/ST/STM32F4xx/Include" -I"C:/Users/Win10/Desktop/RepoPdM_Jordan/PdM_workspace/TP_PdM_Emma/Drivers/BSP/STM32F4xx_Nucleo_144" -I"C:/Users/Win10/Desktop/RepoPdM_Jordan/PdM_workspace/TP_PdM_Emma/Drivers/API/inc" -I"C:/Users/Win10/Desktop/RepoPdM_Jordan/PdM_workspace/TP_PdM_Emma/Drivers/Core/Inc" -I"C:/Users/Win10/Desktop/RepoPdM_Jordan/PdM_workspace/TP_PdM_Emma/Drivers/API" -O0 -ffunction-sections -fdata-sections -Wall -fstack-usage -MMD -MP -MF"Drivers/API/src/API_adc.d" -MT"Drivers/API/src/API_adc.o" --specs=nano.specs -mfpu=fpv4-sp-d16 -mfloat-abi=hard -mthumb -o "Drivers/API/src/API_adc.o"
arm-none-eabi-gcc -o "TP_PdM_Emma.elf" @"objects.list"   -mcpu=cortex-m4 -T"C:\Users\Win10\Desktop\RepoPdM_Jordan\PdM_workspace\TP_PdM_Emma\STM32F429ZITX_FLASH.ld" --specs=nosys.specs -Wl,-Map="TP_PdM_Emma.map" -Wl,--gc-sections -static --specs=nano.specs -mfpu=fpv4-sp-d16 -mfloat-abi=hard -mthumb -u _printf_float -Wl,--start-group -lc -lm -Wl,--end-group
Finished building target: TP_PdM_Emma.elf
 
arm-none-eabi-size   TP_PdM_Emma.elf 
arm-none-eabi-objdump -h -S  TP_PdM_Emma.elf  > "TP_PdM_Emma.list"
   text	   data	    bss	    dec	    hex	filename
  30588	    504	   1880	  32972	   80cc	TP_PdM_Emma.elf
Finished building: default.size.stdout
 
Finished building: TP_PdM_Emma.list
 
