23:23:03 **** Incremental Build of configuration Debug for project Practica2_Emma ****
make -j4 all 
arm-none-eabi-gcc "../Src/main_TP2_emma.c" -mcpu=cortex-m4 -std=gnu11 -g3 -DDEBUG -DSTM32 -DSTM32F429ZITx -DSTM32F4 -DNUCLEO_F429ZI -DUSE_HAL_DRIVER -DSTM32F429xx -c -I../Inc -I"C:/Users/Win10/Desktop/RepoPdM_Jordan/PdM_workspace/Practica2_Emma/Drivers/STM32F4xx_HAL_Driver/Inc" -I"C:/Users/Win10/Desktop/RepoPdM_Jordan/PdM_workspace/Practica2_Emma/Drivers/CMSIS/Include" -I"C:/Users/Win10/Desktop/RepoPdM_Jordan/PdM_workspace/Practica2_Emma/Drivers/CMSIS/Device/ST/STM32F4xx/Include" -I"C:/Users/Win10/Desktop/RepoPdM_Jordan/PdM_workspace/Practica2_Emma/Drivers/BSP/STM32F4xx_Nucleo_144" -I"C:/Users/Win10/Desktop/RepoPdM_Jordan/PdM_workspace/Practica2_Emma/Drivers/Core/Inc" -O0 -ffunction-sections -fdata-sections -Wall -fstack-usage -MMD -MP -MF"Src/main_TP2_emma.d" -MT"Src/main_TP2_emma.o" --specs=nano.specs -mfpu=fpv4-sp-d16 -mfloat-abi=hard -mthumb -o "Src/main_TP2_emma.o"
arm-none-eabi-gcc "../Drivers/STM32F4xx_HAL_Driver/Src/stm32f4xx_hal_msp.c" -mcpu=cortex-m4 -std=gnu11 -g3 -DDEBUG -DSTM32 -DSTM32F429ZITx -DSTM32F4 -DNUCLEO_F429ZI -DUSE_HAL_DRIVER -DSTM32F429xx -c -I../Inc -I"C:/Users/Win10/Desktop/RepoPdM_Jordan/PdM_workspace/Practica2_Emma/Drivers/STM32F4xx_HAL_Driver/Inc" -I"C:/Users/Win10/Desktop/RepoPdM_Jordan/PdM_workspace/Practica2_Emma/Drivers/CMSIS/Include" -I"C:/Users/Win10/Desktop/RepoPdM_Jordan/PdM_workspace/Practica2_Emma/Drivers/CMSIS/Device/ST/STM32F4xx/Include" -I"C:/Users/Win10/Desktop/RepoPdM_Jordan/PdM_workspace/Practica2_Emma/Drivers/BSP/STM32F4xx_Nucleo_144" -I"C:/Users/Win10/Desktop/RepoPdM_Jordan/PdM_workspace/Practica2_Emma/Drivers/Core/Inc" -O0 -ffunction-sections -fdata-sections -Wall -fstack-usage -MMD -MP -MF"Drivers/STM32F4xx_HAL_Driver/Src/stm32f4xx_hal_msp.d" -MT"Drivers/STM32F4xx_HAL_Driver/Src/stm32f4xx_hal_msp.o" --specs=nano.specs -mfpu=fpv4-sp-d16 -mfloat-abi=hard -mthumb -o "Drivers/STM32F4xx_HAL_Driver/Src/stm32f4xx_hal_msp.o"
arm-none-eabi-gcc "../Drivers/Core/Src/stm32f4xx_it.c" -mcpu=cortex-m4 -std=gnu11 -g3 -DDEBUG -DSTM32 -DSTM32F429ZITx -DSTM32F4 -DNUCLEO_F429ZI -DUSE_HAL_DRIVER -DSTM32F429xx -c -I../Inc -I"C:/Users/Win10/Desktop/RepoPdM_Jordan/PdM_workspace/Practica2_Emma/Drivers/STM32F4xx_HAL_Driver/Inc" -I"C:/Users/Win10/Desktop/RepoPdM_Jordan/PdM_workspace/Practica2_Emma/Drivers/CMSIS/Include" -I"C:/Users/Win10/Desktop/RepoPdM_Jordan/PdM_workspace/Practica2_Emma/Drivers/CMSIS/Device/ST/STM32F4xx/Include" -I"C:/Users/Win10/Desktop/RepoPdM_Jordan/PdM_workspace/Practica2_Emma/Drivers/BSP/STM32F4xx_Nucleo_144" -I"C:/Users/Win10/Desktop/RepoPdM_Jordan/PdM_workspace/Practica2_Emma/Drivers/Core/Inc" -O0 -ffunction-sections -fdata-sections -Wall -fstack-usage -MMD -MP -MF"Drivers/Core/Src/stm32f4xx_it.d" -MT"Drivers/Core/Src/stm32f4xx_it.o" --specs=nano.specs -mfpu=fpv4-sp-d16 -mfloat-abi=hard -mthumb -o "Drivers/Core/Src/stm32f4xx_it.o"
arm-none-eabi-gcc -o "Practica2_Emma.elf" @"objects.list"   -mcpu=cortex-m4 -T"C:\Users\Win10\Desktop\RepoPdM_Jordan\PdM_workspace\Practica2_Emma\STM32F429ZITX_FLASH.ld" --specs=nosys.specs -Wl,-Map="Practica2_Emma.map" -Wl,--gc-sections -static --specs=nano.specs -mfpu=fpv4-sp-d16 -mfloat-abi=hard -mthumb -Wl,--start-group -lc -lm -Wl,--end-group
Finished building target: Practica2_Emma.elf
 
arm-none-eabi-size   Practica2_Emma.elf 
arm-none-eabi-objdump -h -S  Practica2_Emma.elf  > "Practica2_Emma.list"
   text	   data	    bss	    dec	    hex	filename
   5812	     40	   1600	   7452	   1d1c	Practica2_Emma.elf
Finished building: default.size.stdout
 
Finished building: Practica2_Emma.list
 

23:23:05 Build Finished. 0 errors, 0 warnings. (took 2s.468ms)

