23:27:06 **** Incremental Build of configuration Debug for project Practica5_Emma ****
make -j4 all 
arm-none-eabi-gcc "../Src/main.c" -mcpu=cortex-m4 -std=gnu11 -g3 -DDEBUG -DSTM32 -DSTM32F429ZITx -DSTM32F4 -DNUCLEO_F429ZI -DUSE_HAL_DRIVER -DSTM32F429xx -c -I../Inc -I"C:/Users/Win10/Desktop/RepoPdM_Jordan/PdM_workspace/Practica5_Emma/Drivers/STM32F4xx_HAL_Driver/Inc" -I"C:/Users/Win10/Desktop/RepoPdM_Jordan/PdM_workspace/Practica5_Emma/Drivers/CMSIS/Include" -I"C:/Users/Win10/Desktop/RepoPdM_Jordan/PdM_workspace/Practica5_Emma/Drivers/CMSIS/Device/ST/STM32F4xx/Include" -I"C:/Users/Win10/Desktop/RepoPdM_Jordan/PdM_workspace/Practica5_Emma/Drivers/BSP/STM32F4xx_Nucleo_144" -I"C:/Users/Win10/Desktop/RepoPdM_Jordan/PdM_workspace/Practica5_Emma/Drivers/API/inc" -I"C:/Users/Win10/Desktop/RepoPdM_Jordan/PdM_workspace/Practica5_Emma/Drivers/Core/Inc" -O0 -ffunction-sections -fdata-sections -Wall -fstack-usage -MMD -MP -MF"Src/main.d" -MT"Src/main.o" --specs=nano.specs -mfpu=fpv4-sp-d16 -mfloat-abi=hard -mthumb -o "Src/main.o"
arm-none-eabi-gcc "../Drivers/STM32F4xx_HAL_Driver/Src/stm32f4xx_hal_msp.c" -mcpu=cortex-m4 -std=gnu11 -g3 -DDEBUG -DSTM32 -DSTM32F429ZITx -DSTM32F4 -DNUCLEO_F429ZI -DUSE_HAL_DRIVER -DSTM32F429xx -c -I../Inc -I"C:/Users/Win10/Desktop/RepoPdM_Jordan/PdM_workspace/Practica5_Emma/Drivers/STM32F4xx_HAL_Driver/Inc" -I"C:/Users/Win10/Desktop/RepoPdM_Jordan/PdM_workspace/Practica5_Emma/Drivers/CMSIS/Include" -I"C:/Users/Win10/Desktop/RepoPdM_Jordan/PdM_workspace/Practica5_Emma/Drivers/CMSIS/Device/ST/STM32F4xx/Include" -I"C:/Users/Win10/Desktop/RepoPdM_Jordan/PdM_workspace/Practica5_Emma/Drivers/BSP/STM32F4xx_Nucleo_144" -I"C:/Users/Win10/Desktop/RepoPdM_Jordan/PdM_workspace/Practica5_Emma/Drivers/API/inc" -I"C:/Users/Win10/Desktop/RepoPdM_Jordan/PdM_workspace/Practica5_Emma/Drivers/Core/Inc" -O0 -ffunction-sections -fdata-sections -Wall -fstack-usage -MMD -MP -MF"Drivers/STM32F4xx_HAL_Driver/Src/stm32f4xx_hal_msp.d" -MT"Drivers/STM32F4xx_HAL_Driver/Src/stm32f4xx_hal_msp.o" --specs=nano.specs -mfpu=fpv4-sp-d16 -mfloat-abi=hard -mthumb -o "Drivers/STM32F4xx_HAL_Driver/Src/stm32f4xx_hal_msp.o"
arm-none-eabi-gcc "../Drivers/Core/Src/stm32f4xx_it.c" -mcpu=cortex-m4 -std=gnu11 -g3 -DDEBUG -DSTM32 -DSTM32F429ZITx -DSTM32F4 -DNUCLEO_F429ZI -DUSE_HAL_DRIVER -DSTM32F429xx -c -I../Inc -I"C:/Users/Win10/Desktop/RepoPdM_Jordan/PdM_workspace/Practica5_Emma/Drivers/STM32F4xx_HAL_Driver/Inc" -I"C:/Users/Win10/Desktop/RepoPdM_Jordan/PdM_workspace/Practica5_Emma/Drivers/CMSIS/Include" -I"C:/Users/Win10/Desktop/RepoPdM_Jordan/PdM_workspace/Practica5_Emma/Drivers/CMSIS/Device/ST/STM32F4xx/Include" -I"C:/Users/Win10/Desktop/RepoPdM_Jordan/PdM_workspace/Practica5_Emma/Drivers/BSP/STM32F4xx_Nucleo_144" -I"C:/Users/Win10/Desktop/RepoPdM_Jordan/PdM_workspace/Practica5_Emma/Drivers/API/inc" -I"C:/Users/Win10/Desktop/RepoPdM_Jordan/PdM_workspace/Practica5_Emma/Drivers/Core/Inc" -O0 -ffunction-sections -fdata-sections -Wall -fstack-usage -MMD -MP -MF"Drivers/Core/Src/stm32f4xx_it.d" -MT"Drivers/Core/Src/stm32f4xx_it.o" --specs=nano.specs -mfpu=fpv4-sp-d16 -mfloat-abi=hard -mthumb -o "Drivers/Core/Src/stm32f4xx_it.o"
arm-none-eabi-gcc "../Drivers/API/src/API_debounce.c" -mcpu=cortex-m4 -std=gnu11 -g3 -DDEBUG -DSTM32 -DSTM32F429ZITx -DSTM32F4 -DNUCLEO_F429ZI -DUSE_HAL_DRIVER -DSTM32F429xx -c -I../Inc -I"C:/Users/Win10/Desktop/RepoPdM_Jordan/PdM_workspace/Practica5_Emma/Drivers/STM32F4xx_HAL_Driver/Inc" -I"C:/Users/Win10/Desktop/RepoPdM_Jordan/PdM_workspace/Practica5_Emma/Drivers/CMSIS/Include" -I"C:/Users/Win10/Desktop/RepoPdM_Jordan/PdM_workspace/Practica5_Emma/Drivers/CMSIS/Device/ST/STM32F4xx/Include" -I"C:/Users/Win10/Desktop/RepoPdM_Jordan/PdM_workspace/Practica5_Emma/Drivers/BSP/STM32F4xx_Nucleo_144" -I"C:/Users/Win10/Desktop/RepoPdM_Jordan/PdM_workspace/Practica5_Emma/Drivers/API/inc" -I"C:/Users/Win10/Desktop/RepoPdM_Jordan/PdM_workspace/Practica5_Emma/Drivers/Core/Inc" -O0 -ffunction-sections -fdata-sections -Wall -fstack-usage -MMD -MP -MF"Drivers/API/src/API_debounce.d" -MT"Drivers/API/src/API_debounce.o" --specs=nano.specs -mfpu=fpv4-sp-d16 -mfloat-abi=hard -mthumb -o "Drivers/API/src/API_debounce.o"
arm-none-eabi-gcc "../Drivers/API/src/API_delay.c" -mcpu=cortex-m4 -std=gnu11 -g3 -DDEBUG -DSTM32 -DSTM32F429ZITx -DSTM32F4 -DNUCLEO_F429ZI -DUSE_HAL_DRIVER -DSTM32F429xx -c -I../Inc -I"C:/Users/Win10/Desktop/RepoPdM_Jordan/PdM_workspace/Practica5_Emma/Drivers/STM32F4xx_HAL_Driver/Inc" -I"C:/Users/Win10/Desktop/RepoPdM_Jordan/PdM_workspace/Practica5_Emma/Drivers/CMSIS/Include" -I"C:/Users/Win10/Desktop/RepoPdM_Jordan/PdM_workspace/Practica5_Emma/Drivers/CMSIS/Device/ST/STM32F4xx/Include" -I"C:/Users/Win10/Desktop/RepoPdM_Jordan/PdM_workspace/Practica5_Emma/Drivers/BSP/STM32F4xx_Nucleo_144" -I"C:/Users/Win10/Desktop/RepoPdM_Jordan/PdM_workspace/Practica5_Emma/Drivers/API/inc" -I"C:/Users/Win10/Desktop/RepoPdM_Jordan/PdM_workspace/Practica5_Emma/Drivers/Core/Inc" -O0 -ffunction-sections -fdata-sections -Wall -fstack-usage -MMD -MP -MF"Drivers/API/src/API_delay.d" -MT"Drivers/API/src/API_delay.o" --specs=nano.specs -mfpu=fpv4-sp-d16 -mfloat-abi=hard -mthumb -o "Drivers/API/src/API_delay.o"
arm-none-eabi-gcc "../Drivers/API/src/API_uart.c" -mcpu=cortex-m4 -std=gnu11 -g3 -DDEBUG -DSTM32 -DSTM32F429ZITx -DSTM32F4 -DNUCLEO_F429ZI -DUSE_HAL_DRIVER -DSTM32F429xx -c -I../Inc -I"C:/Users/Win10/Desktop/RepoPdM_Jordan/PdM_workspace/Practica5_Emma/Drivers/STM32F4xx_HAL_Driver/Inc" -I"C:/Users/Win10/Desktop/RepoPdM_Jordan/PdM_workspace/Practica5_Emma/Drivers/CMSIS/Include" -I"C:/Users/Win10/Desktop/RepoPdM_Jordan/PdM_workspace/Practica5_Emma/Drivers/CMSIS/Device/ST/STM32F4xx/Include" -I"C:/Users/Win10/Desktop/RepoPdM_Jordan/PdM_workspace/Practica5_Emma/Drivers/BSP/STM32F4xx_Nucleo_144" -I"C:/Users/Win10/Desktop/RepoPdM_Jordan/PdM_workspace/Practica5_Emma/Drivers/API/inc" -I"C:/Users/Win10/Desktop/RepoPdM_Jordan/PdM_workspace/Practica5_Emma/Drivers/Core/Inc" -O0 -ffunction-sections -fdata-sections -Wall -fstack-usage -MMD -MP -MF"Drivers/API/src/API_uart.d" -MT"Drivers/API/src/API_uart.o" --specs=nano.specs -mfpu=fpv4-sp-d16 -mfloat-abi=hard -mthumb -o "Drivers/API/src/API_uart.o"
arm-none-eabi-gcc -o "Practica5_Emma.elf" @"objects.list"   -mcpu=cortex-m4 -T"C:\Users\Win10\Desktop\RepoPdM_Jordan\PdM_workspace\Practica5_Emma\STM32F429ZITX_FLASH.ld" --specs=nosys.specs -Wl,-Map="Practica5_Emma.map" -Wl,--gc-sections -static --specs=nano.specs -mfpu=fpv4-sp-d16 -mfloat-abi=hard -mthumb -Wl,--start-group -lc -lm -Wl,--end-group
Finished building target: Practica5_Emma.elf
 
arm-none-eabi-size   Practica5_Emma.elf 
arm-none-eabi-objdump -h -S  Practica5_Emma.elf  > "Practica5_Emma.list"
   text	   data	    bss	    dec	    hex	filename
  15196	    160	   1688	  17044	   4294	Practica5_Emma.elf
Finished building: default.size.stdout
 
Finished building: Practica5_Emma.list
 

23:27:09 Build Finished. 0 errors, 0 warnings. (took 2s.809ms)

