21:37:34 **** Incremental Build of configuration Debug for project practica_4.2_Emma ****
make -j4 all 
arm-none-eabi-gcc "../Drivers/API/src/API_debounce.c" -mcpu=cortex-m4 -std=gnu11 -g3 -DDEBUG -DSTM32 -DSTM32F429ZITx -DSTM32F4 -DNUCLEO_F429ZI -DUSE_HAL_DRIVER -DSTM32F429xx -c -I../Inc -I"C:/Users/Win10/Desktop/RepoPdM_Jordan/PdM_workspace/practica_4.2_Emma/Drivers/STM32F4xx_HAL_Driver/Inc" -I"C:/Users/Win10/Desktop/RepoPdM_Jordan/PdM_workspace/practica_4.2_Emma/Drivers/CMSIS/Include" -I"C:/Users/Win10/Desktop/RepoPdM_Jordan/PdM_workspace/practica_4.2_Emma/Drivers/CMSIS/Device/ST/STM32F4xx/Include" -I"C:/Users/Win10/Desktop/RepoPdM_Jordan/PdM_workspace/practica_4.2_Emma/Drivers/BSP/STM32F4xx_Nucleo_144" -I"C:/Users/Win10/Desktop/RepoPdM_Jordan/PdM_workspace/practica_4.2_Emma/Drivers/Core/Inc" -I"C:/Users/Win10/Desktop/RepoPdM_Jordan/PdM_workspace/practica_4.2_Emma/Drivers/API/inc" -O0 -ffunction-sections -fdata-sections -Wall -fstack-usage -MMD -MP -MF"Drivers/API/src/API_debounce.d" -MT"Drivers/API/src/API_debounce.o" --specs=nano.specs -mfpu=fpv4-sp-d16 -mfloat-abi=hard -mthumb -o "Drivers/API/src/API_debounce.o"
arm-none-eabi-gcc -o "practica_4.2_Emma.elf" @"objects.list"   -mcpu=cortex-m4 -T"C:\Users\Win10\Desktop\RepoPdM_Jordan\PdM_workspace\practica_4.2_Emma\STM32F429ZITX_FLASH.ld" --specs=nosys.specs -Wl,-Map="practica_4.2_Emma.map" -Wl,--gc-sections -static --specs=nano.specs -mfpu=fpv4-sp-d16 -mfloat-abi=hard -mthumb -Wl,--start-group -lc -lm -Wl,--end-group
Finished building target: practica_4.2_Emma.elf
 
arm-none-eabi-size   practica_4.2_Emma.elf 
arm-none-eabi-objdump -h -S  practica_4.2_Emma.elf  > "practica_4.2_Emma.list"
   text	   data	    bss	    dec	    hex	filename
   6880	     60	   1596	   8536	   2158	practica_4.2_Emma.elf
Finished building: default.size.stdout
 
Finished building: practica_4.2_Emma.list
 

21:37:36 Build Finished. 0 errors, 0 warnings. (took 2s.452ms)

